2026-08-03 16:23:44,214 | INFO | HTTP Request: POST https://api.telegram.org/bot8537243856:AAEUBfd16LDpSgqhPeun1D5JHyleHuF2ETI/getMe "HTTP/1.1 200 OK"
2026-08-03 16:23:44,445 | INFO | HTTP Request: POST https://api.telegram.org/bot8537243856:AAEUBfd16LDpSgqhPeun1D5JHyleHuF2ETI/deleteWebhook "HTTP/1.1 200 OK"
2026-08-03 16:23:44,447 | INFO | Application started
2026-08-03 16:23:45,654 | INFO | HTTP Request: POST https://api.telegram.org/bot8537243856:AAEUBfd16LDpSgqhPeun1D5JHyleHuF2ETI/getUpdates "HTTP/1.1 200 OK"
2026-08-03 16:23:45,939 | INFO | HTTP Request: POST https://api.telegram.org/bot8537243856:AAEUBfd16LDpSgqhPeun1D5JHyleHuF2ETI/getUpdates "HTTP/1.1 200 OK"
2026-08-03 16:23:45,981 | INFO | User:5300063761(@MCLP1_1) | START | 用户启动Bot
2026-08-03 16:23:45,981 | ERROR | No error handlers are registered, logging exception.
Traceback (most recent call last):
  File "C:\Users\hehon\AppData\Local\Programs\Python\Python312\Lib\site-packages\telegram\ext\_application.py", line 1234, in process_update
    await coroutine
  File "C:\Users\hehon\AppData\Local\Programs\Python\Python312\Lib\site-packages\telegram\ext\_basehandler.py", line 157, in handle_update
    return await self.callback(update, context)
           ^^^^^^^^^^^^^^^^^^^^^^^^^^^^^^^^^^^^
  File "C:\Users\hehon\Desktop\GameBot\Bot.py", line 138, in start
    [InlineKeyboardButton("🎮 ချစ်သူရှာမယ် Gp 1", url="https://t.me/Myanmar_GameFriendss", style="primary")],
     ^^^^^^^^^^^^^^^^^^^^^^^^^^^^^^^^^^^^^^^^^^^^^^^^^^^^^^^^^^^^^^^^^^^^^^^^^^^^^^^^^^^^^^^^^^^^^^^^^^^^^^
TypeError: InlineKeyboardButton.__init__() got an unexpected keyword argument 'style'
2026-08-03 16:23:46,263 | INFO | HTTP Request: POST https://api.telegram.org/bot8537243856:AAEUBfd16LDpSgqhPeun1D5JHyleHuF2ETI/getUpdates "HTTP/1.1 200 OK"
2026-08-03 16:23:46,581 | INFO | HTTP Request: POST https://api.telegram.org/bot8537243856:AAEUBfd16LDpSgqhPeun1D5JHyleHuF2ETI/getUpdates "HTTP/1.1 200 OK"
2026-08-03 16:23:54,143 | INFO | HTTP Request: POST https://api.telegram.org/bot8537243856:AAEUBfd16LDpSgqhPeun1D5JHyleHuF2ETI/getUpdates "HTTP/1.1 200 OK"
2026-08-03 16:23:57,138 | INFO | HTTP Request: POST https://api.telegram.org/bot8537243856:AAEUBfd16LDpSgqhPeun1D5JHyleHuF2ETI/getUpdates "HTTP/1.1 200 OK"
2026-08-03 16:24:07,127 | INFO | HTTP Request: POST https://api.telegram.org/bot8537243856:AAEUBfd16LDpSgqhPeun1D5JHyleHuF2ETI/getUpdates "HTTP/1.1 200 OK"
2026-08-03 16:24:07,144 | INFO | User:5300063761(@MCLP1_1) | START | 用户启动Bot
2026-08-03 16:24:07,145 | ERROR | No error handlers are registered, logging exception.
Traceback (most recent call last):
  File "C:\Users\hehon\AppData\Local\Programs\Python\Python312\Lib\site-packages\telegram\ext\_application.py", line 1234, in process_update
    await coroutine
  File "C:\Users\hehon\AppData\Local\Programs\Python\Python312\Lib\site-packages\telegram\ext\_basehandler.py", line 157, in handle_update
    return await self.callback(update, context)
           ^^^^^^^^^^^^^^^^^^^^^^^^^^^^^^^^^^^^
  File "C:\Users\hehon\Desktop\GameBot\Bot.py", line 138, in start
    [InlineKeyboardButton("🎮 ချစ်သူရှာမယ် Gp 1", url="https://t.me/Myanmar_GameFriendss", style="primary")],
     ^^^^^^^^^^^^^^^^^^^^^^^^^^^^^^^^^^^^^^^^^^^^^^^^^^^^^^^^^^^^^^^^^^^^^^^^^^^^^^^^^^^^^^^^^^^^^^^^^^^^^^
TypeError: InlineKeyboardButton.__init__() got an unexpected keyword argument 'style'
2026-08-03 16:24:12,454 | INFO | HTTP Request: POST https://api.telegram.org/bot8537243856:AAEUBfd16LDpSgqhPeun1D5JHyleHuF2ETI/getUpdates "HTTP/1.1 200 OK"
2026-08-03 16:24:18,741 | INFO | HTTP Request: POST https://api.telegram.org/bot8537243856:AAEUBfd16LDpSgqhPeun1D5JHyleHuF2ETI/getUpdates "HTTP/1.1 200 OK"
2026-08-03 16:24:19,388 | INFO | HTTP Request: POST https://api.telegram.org/bot8537243856:AAEUBfd16LDpSgqhPeun1D5JHyleHuF2ETI/getUpdates "HTTP/1.1 200 OK"
2026-08-03 16:24:29,619 | INFO | HTTP Request: POST https://api.telegram.org/bot8537243856:AAEUBfd16LDpSgqhPeun1D5JHyleHuF2ETI/getUpdates "HTTP/1.1 200 OK"
2026-08-03 16:25:37,181 | INFO | HTTP Request: POST https://api.telegram.org/bot8537243856:AAEUBfd16LDpSgqhPeun1D5JHyleHuF2ETI/getMe "HTTP/1.1 200 OK"
2026-08-03 16:25:37,408 | INFO | HTTP Request: POST https://api.telegram.org/bot8537243856:AAEUBfd16LDpSgqhPeun1D5JHyleHuF2ETI/deleteWebhook "HTTP/1.1 200 OK"
2026-08-03 16:25:37,410 | INFO | Application started
2026-08-03 16:25:38,135 | INFO | HTTP Request: POST https://api.telegram.org/bot8537243856:AAEUBfd16LDpSgqhPeun1D5JHyleHuF2ETI/getUpdates "HTTP/1.1 200 OK"
2026-08-03 16:25:45,053 | INFO | HTTP Request: POST https://api.telegram.org/bot8537243856:AAEUBfd16LDpSgqhPeun1D5JHyleHuF2ETI/getUpdates "HTTP/1.1 200 OK"
2026-08-03 16:25:45,055 | INFO | User:5300063761(@MCLP1_1) | START | 用户启动Bot
2026-08-03 16:25:45,995 | INFO | HTTP Request: POST https://api.telegram.org/bot8537243856:AAEUBfd16LDpSgqhPeun1D5JHyleHuF2ETI/sendMessage "HTTP/1.1 200 OK"
2026-08-03 16:25:47,935 | INFO | HTTP Request: POST https://api.telegram.org/bot8537243856:AAEUBfd16LDpSgqhPeun1D5JHyleHuF2ETI/getUpdates "HTTP/1.1 200 OK"
2026-08-03 16:25:48,422 | INFO | HTTP Request: POST https://api.telegram.org/bot8537243856:AAEUBfd16LDpSgqhPeun1D5JHyleHuF2ETI/answerCallbackQuery "HTTP/1.1 200 OK"
2026-08-03 16:25:48,934 | INFO | HTTP Request: POST https://api.telegram.org/bot8537243856:AAEUBfd16LDpSgqhPeun1D5JHyleHuF2ETI/editMessageText "HTTP/1.1 200 OK"
2026-08-03 16:25:50,730 | INFO | HTTP Request: POST https://api.telegram.org/bot8537243856:AAEUBfd16LDpSgqhPeun1D5JHyleHuF2ETI/getUpdates "HTTP/1.1 200 OK"
2026-08-03 16:25:52,657 | INFO | HTTP Request: POST https://api.telegram.org/bot8537243856:AAEUBfd16LDpSgqhPeun1D5JHyleHuF2ETI/getUpdates "HTTP/1.1 200 OK"
2026-08-03 16:26:02,894 | INFO | HTTP Request: POST https://api.telegram.org/bot8537243856:AAEUBfd16LDpSgqhPeun1D5JHyleHuF2ETI/getUpdates "HTTP/1.1 200 OK"
2026-08-03 16:26:03,814 | INFO | HTTP Request: POST https://api.telegram.org/bot8537243856:AAEUBfd16LDpSgqhPeun1D5JHyleHuF2ETI/getUpdates "HTTP/1.1 200 OK"
2026-08-03 16:26:04,732 | INFO | HTTP Request: POST https://api.telegram.org/bot8537243856:AAEUBfd16LDpSgqhPeun1D5JHyleHuF2ETI/answerCallbackQuery "HTTP/1.1 200 OK"
2026-08-03 16:26:05,183 | INFO | HTTP Request: POST https://api.telegram.org/bot8537243856:AAEUBfd16LDpSgqhPeun1D5JHyleHuF2ETI/editMessageText "HTTP/1.1 200 OK"
2026-08-03 16:26:14,055 | INFO | HTTP Request: POST https://api.telegram.org/bot8537243856:AAEUBfd16LDpSgqhPeun1D5JHyleHuF2ETI/getUpdates "HTTP/1.1 200 OK"
2026-08-03 16:26:24,294 | INFO | HTTP Request: POST https://api.telegram.org/bot8537243856:AAEUBfd16LDpSgqhPeun1D5JHyleHuF2ETI/getUpdates "HTTP/1.1 200 OK"
2026-08-03 16:26:25,097 | INFO | HTTP Request: POST https://api.telegram.org/bot8537243856:AAEUBfd16LDpSgqhPeun1D5JHyleHuF2ETI/getUpdates "HTTP/1.1 200 OK"
2026-08-03 16:26:27,181 | INFO | HTTP Request: POST https://api.telegram.org/bot8537243856:AAEUBfd16LDpSgqhPeun1D5JHyleHuF2ETI/getUpdates "HTTP/1.1 200 OK"
2026-08-03 16:26:27,464 | INFO | HTTP Request: POST https://api.telegram.org/bot8537243856:AAEUBfd16LDpSgqhPeun1D5JHyleHuF2ETI/getUpdates "HTTP/1.1 200 OK"
2026-08-03 16:26:28,579 | INFO | HTTP Request: POST https://api.telegram.org/bot8537243856:AAEUBfd16LDpSgqhPeun1D5JHyleHuF2ETI/getUpdates "HTTP/1.1 200 OK"
2026-08-03 16:26:29,576 | INFO | HTTP Request: POST https://api.telegram.org/bot8537243856:AAEUBfd16LDpSgqhPeun1D5JHyleHuF2ETI/sendMessage "HTTP/1.1 200 OK"
2026-08-03 16:26:31,180 | INFO | HTTP Request: POST https://api.telegram.org/bot8537243856:AAEUBfd16LDpSgqhPeun1D5JHyleHuF2ETI/getUpdates "HTTP/1.1 200 OK"
2026-08-03 16:26:31,545 | INFO | HTTP Request: POST https://api.telegram.org/bot8537243856:AAEUBfd16LDpSgqhPeun1D5JHyleHuF2ETI/getUpdates "HTTP/1.1 200 OK"
2026-08-03 16:26:35,014 | INFO | HTTP Request: POST https://api.telegram.org/bot8537243856:AAEUBfd16LDpSgqhPeun1D5JHyleHuF2ETI/getUpdates "HTTP/1.1 200 OK"
2026-08-03 16:26:38,404 | INFO | HTTP Request: POST https://api.telegram.org/bot8537243856:AAEUBfd16LDpSgqhPeun1D5JHyleHuF2ETI/getUpdates "HTTP/1.1 200 OK"
2026-08-03 16:26:38,406 | INFO | User:5300063761(@MCLP1_1) | GAME_START | 开始闯关游戏
2026-08-03 16:26:39,378 | INFO | HTTP Request: POST https://api.telegram.org/bot8537243856:AAEUBfd16LDpSgqhPeun1D5JHyleHuF2ETI/sendMessage "HTTP/1.1 200 OK"
2026-08-03 16:26:39,650 | INFO | HTTP Request: POST https://api.telegram.org/bot8537243856:AAEUBfd16LDpSgqhPeun1D5JHyleHuF2ETI/getUpdates "HTTP/1.1 200 OK"
2026-08-03 16:26:39,854 | INFO | HTTP Request: POST https://api.telegram.org/bot8537243856:AAEUBfd16LDpSgqhPeun1D5JHyleHuF2ETI/sendMessage "HTTP/1.1 200 OK"
2026-08-03 16:26:43,506 | INFO | HTTP Request: POST https://api.telegram.org/bot8537243856:AAEUBfd16LDpSgqhPeun1D5JHyleHuF2ETI/getUpdates "HTTP/1.1 200 OK"
2026-08-03 16:26:46,497 | INFO | HTTP Request: POST https://api.telegram.org/bot8537243856:AAEUBfd16LDpSgqhPeun1D5JHyleHuF2ETI/getUpdates "HTTP/1.1 200 OK"
2026-08-03 16:26:53,134 | INFO | HTTP Request: POST https://api.telegram.org/bot8537243856:AAEUBfd16LDpSgqhPeun1D5JHyleHuF2ETI/getUpdates "HTTP/1.1 200 OK"
2026-08-03 16:26:54,179 | INFO | HTTP Request: POST https://api.telegram.org/bot8537243856:AAEUBfd16LDpSgqhPeun1D5JHyleHuF2ETI/getUpdates "HTTP/1.1 200 OK"
2026-08-03 16:26:55,901 | INFO | HTTP Request: POST https://api.telegram.org/bot8537243856:AAEUBfd16LDpSgqhPeun1D5JHyleHuF2ETI/getUpdates "HTTP/1.1 200 OK"
2026-08-03 16:26:57,177 | INFO | HTTP Request: POST https://api.telegram.org/bot8537243856:AAEUBfd16LDpSgqhPeun1D5JHyleHuF2ETI/getUpdates "HTTP/1.1 200 OK"
2026-08-03 16:27:00,695 | INFO | HTTP Request: POST https://api.telegram.org/bot8537243856:AAEUBfd16LDpSgqhPeun1D5JHyleHuF2ETI/getUpdates "HTTP/1.1 200 OK"
2026-08-03 16:27:03,094 | INFO | HTTP Request: POST https://api.telegram.org/bot8537243856:AAEUBfd16LDpSgqhPeun1D5JHyleHuF2ETI/getUpdates "HTTP/1.1 200 OK"
2026-08-03 16:27:04,012 | INFO | HTTP Request: POST https://api.telegram.org/bot8537243856:AAEUBfd16LDpSgqhPeun1D5JHyleHuF2ETI/sendMessage "HTTP/1.1 200 OK"
2026-08-03 16:27:13,334 | INFO | HTTP Request: POST https://api.telegram.org/bot8537243856:AAEUBfd16LDpSgqhPeun1D5JHyleHuF2ETI/getUpdates "HTTP/1.1 200 OK"
2026-08-03 16:27:13,588 | INFO | HTTP Request: POST https://api.telegram.org/bot8537243856:AAEUBfd16LDpSgqhPeun1D5JHyleHuF2ETI/getUpdates "HTTP/1.1 200 OK"
2026-08-03 16:27:14,306 | INFO | HTTP Request: POST https://api.telegram.org/bot8537243856:AAEUBfd16LDpSgqhPeun1D5JHyleHuF2ETI/getUpdates "HTTP/1.1 200 OK"
2026-08-03 16:27:20,214 | INFO | HTTP Request: POST https://api.telegram.org/bot8537243856:AAEUBfd16LDpSgqhPeun1D5JHyleHuF2ETI/getUpdates "HTTP/1.1 200 OK"
2026-08-03 16:27:20,454 | INFO | HTTP Request: POST https://api.telegram.org/bot8537243856:AAEUBfd16LDpSgqhPeun1D5JHyleHuF2ETI/getUpdates "HTTP/1.1 200 OK"
2026-08-03 16:27:30,699 | INFO | HTTP Request: POST https://api.telegram.org/bot8537243856:AAEUBfd16LDpSgqhPeun1D5JHyleHuF2ETI/getUpdates "HTTP/1.1 200 OK"
2026-08-03 16:27:34,068 | INFO | HTTP Request: POST https://api.telegram.org/bot8537243856:AAEUBfd16LDpSgqhPeun1D5JHyleHuF2ETI/getUpdates "HTTP/1.1 200 OK"
2026-08-03 16:27:37,816 | INFO | HTTP Request: POST https://api.telegram.org/bot8537243856:AAEUBfd16LDpSgqhPeun1D5JHyleHuF2ETI/getUpdates "HTTP/1.1 200 OK"
2026-08-03 16:27:38,061 | INFO | HTTP Request: POST https://api.telegram.org/bot8537243856:AAEUBfd16LDpSgqhPeun1D5JHyleHuF2ETI/getUpdates "HTTP/1.1 200 OK"
2026-08-03 16:27:44,782 | INFO | HTTP Request: POST https://api.telegram.org/bot8537243856:AAEUBfd16LDpSgqhPeun1D5JHyleHuF2ETI/getUpdates "HTTP/1.1 200 OK"
2026-08-03 16:27:50,658 | INFO | HTTP Request: POST https://api.telegram.org/bot8537243856:AAEUBfd16LDpSgqhPeun1D5JHyleHuF2ETI/getUpdates "HTTP/1.1 200 OK"
2026-08-03 16:27:50,661 | INFO | User:5300063761(@MCLP1_1) | FORWARD | 转发到 Chat ID: -1002288260598
2026-08-03 16:27:50,900 | INFO | HTTP Request: POST https://api.telegram.org/bot8537243856:AAEUBfd16LDpSgqhPeun1D5JHyleHuF2ETI/getUpdates "HTTP/1.1 200 OK"
2026-08-03 16:27:51,655 | INFO | HTTP Request: POST https://api.telegram.org/bot8537243856:AAEUBfd16LDpSgqhPeun1D5JHyleHuF2ETI/forwardMessage "HTTP/1.1 200 OK"
2026-08-03 16:27:52,083 | INFO | HTTP Request: POST https://api.telegram.org/bot8537243856:AAEUBfd16LDpSgqhPeun1D5JHyleHuF2ETI/sendMessage "HTTP/1.1 200 OK"
2026-08-03 16:27:52,084 | INFO | User:5300063761(@MCLP1_1) | FORWARD_SUCCESS | 目标: -1002288260598
2026-08-03 16:27:57,455 | INFO | HTTP Request: POST https://api.telegram.org/bot8537243856:AAEUBfd16LDpSgqhPeun1D5JHyleHuF2ETI/getUpdates "HTTP/1.1 200 OK"
2026-08-03 16:28:01,226 | INFO | HTTP Request: POST https://api.telegram.org/bot8537243856:AAEUBfd16LDpSgqhPeun1D5JHyleHuF2ETI/getUpdates "HTTP/1.1 200 OK"
2026-08-03 16:28:02,726 | INFO | HTTP Request: POST https://api.telegram.org/bot8537243856:AAEUBfd16LDpSgqhPeun1D5JHyleHuF2ETI/getUpdates "HTTP/1.1 200 OK"
2026-08-03 16:28:04,599 | INFO | HTTP Request: POST https://api.telegram.org/bot8537243856:AAEUBfd16LDpSgqhPeun1D5JHyleHuF2ETI/getUpdates "HTTP/1.1 200 OK"
2026-08-03 16:28:07,721 | INFO | HTTP Request: POST https://api.telegram.org/bot8537243856:AAEUBfd16LDpSgqhPeun1D5JHyleHuF2ETI/getUpdates "HTTP/1.1 200 OK"
2026-08-03 16:28:13,712 | INFO | HTTP Request: POST https://api.telegram.org/bot8537243856:AAEUBfd16LDpSgqhPeun1D5JHyleHuF2ETI/getUpdates "HTTP/1.1 200 OK"
2026-08-03 16:28:14,255 | INFO | HTTP Request: POST https://api.telegram.org/bot8537243856:AAEUBfd16LDpSgqhPeun1D5JHyleHuF2ETI/getUpdates "HTTP/1.1 200 OK"
2026-08-03 16:28:14,658 | INFO | HTTP Request: POST https://api.telegram.org/bot8537243856:AAEUBfd16LDpSgqhPeun1D5JHyleHuF2ETI/getUpdates "HTTP/1.1 200 OK"
2026-08-03 16:28:21,126 | INFO | HTTP Request: POST https://api.telegram.org/bot8537243856:AAEUBfd16LDpSgqhPeun1D5JHyleHuF2ETI/getUpdates "HTTP/1.1 200 OK"
2026-08-03 16:28:24,733 | INFO | HTTP Request: POST https://api.telegram.org/bot8537243856:AAEUBfd16LDpSgqhPeun1D5JHyleHuF2ETI/getUpdates "HTTP/1.1 200 OK"
2026-08-03 16:28:25,066 | INFO | HTTP Request: POST https://api.telegram.org/bot8537243856:AAEUBfd16LDpSgqhPeun1D5JHyleHuF2ETI/getUpdates "HTTP/1.1 200 OK"
2026-08-03 16:30:31,459 | INFO | HTTP Request: POST https://api.telegram.org/bot8537243856:AAEUBfd16LDpSgqhPeun1D5JHyleHuF2ETI/getMe "HTTP/1.1 200 OK"
2026-08-03 16:30:31,745 | INFO | HTTP Request: POST https://api.telegram.org/bot8537243856:AAEUBfd16LDpSgqhPeun1D5JHyleHuF2ETI/deleteWebhook "HTTP/1.1 200 OK"
2026-08-03 16:30:31,747 | INFO | Application started
2026-08-03 16:30:32,581 | INFO | HTTP Request: POST https://api.telegram.org/bot8537243856:AAEUBfd16LDpSgqhPeun1D5JHyleHuF2ETI/getUpdates "HTTP/1.1 200 OK"
2026-08-03 16:30:33,537 | INFO | HTTP Request: POST https://api.telegram.org/bot8537243856:AAEUBfd16LDpSgqhPeun1D5JHyleHuF2ETI/getUpdates "HTTP/1.1 200 OK"
2026-08-03 16:30:35,510 | INFO | HTTP Request: POST https://api.telegram.org/bot8537243856:AAEUBfd16LDpSgqhPeun1D5JHyleHuF2ETI/getUpdates "HTTP/1.1 200 OK"
2026-08-03 16:30:36,328 | INFO | HTTP Request: POST https://api.telegram.org/bot8537243856:AAEUBfd16LDpSgqhPeun1D5JHyleHuF2ETI/getUpdates "HTTP/1.1 200 OK"
2026-08-03 16:30:36,803 | INFO | HTTP Request: POST https://api.telegram.org/bot8537243856:AAEUBfd16LDpSgqhPeun1D5JHyleHuF2ETI/sendMessage "HTTP/1.1 200 OK"
2026-08-03 16:30:46,613 | INFO | HTTP Request: POST https://api.telegram.org/bot8537243856:AAEUBfd16LDpSgqhPeun1D5JHyleHuF2ETI/getUpdates "HTTP/1.1 200 OK"
2026-08-03 16:30:47,773 | INFO | HTTP Request: POST https://api.telegram.org/bot8537243856:AAEUBfd16LDpSgqhPeun1D5JHyleHuF2ETI/getUpdates "HTTP/1.1 200 OK"
2026-08-03 16:30:50,494 | INFO | HTTP Request: POST https://api.telegram.org/bot8537243856:AAEUBfd16LDpSgqhPeun1D5JHyleHuF2ETI/getUpdates "HTTP/1.1 200 OK"
2026-08-03 16:30:55,658 | INFO | HTTP Request: POST https://api.telegram.org/bot8537243856:AAEUBfd16LDpSgqhPeun1D5JHyleHuF2ETI/getUpdates "HTTP/1.1 200 OK"
2026-08-03 16:30:59,146 | INFO | HTTP Request: POST https://api.telegram.org/bot8537243856:AAEUBfd16LDpSgqhPeun1D5JHyleHuF2ETI/getUpdates "HTTP/1.1 200 OK"
2026-08-03 16:31:00,165 | INFO | HTTP Request: POST https://api.telegram.org/bot8537243856:AAEUBfd16LDpSgqhPeun1D5JHyleHuF2ETI/answerCallbackQuery "HTTP/1.1 200 OK"
2026-08-03 16:31:00,584 | INFO | HTTP Request: POST https://api.telegram.org/bot8537243856:AAEUBfd16LDpSgqhPeun1D5JHyleHuF2ETI/editMessageText "HTTP/1.1 200 OK"
2026-08-03 16:31:05,950 | INFO | HTTP Request: POST https://api.telegram.org/bot8537243856:AAEUBfd16LDpSgqhPeun1D5JHyleHuF2ETI/getUpdates "HTTP/1.1 200 OK"
2026-08-03 16:31:06,897 | INFO | HTTP Request: POST https://api.telegram.org/bot8537243856:AAEUBfd16LDpSgqhPeun1D5JHyleHuF2ETI/answerCallbackQuery "HTTP/1.1 200 OK"
2026-08-03 16:31:07,353 | INFO | HTTP Request: POST https://api.telegram.org/bot8537243856:AAEUBfd16LDpSgqhPeun1D5JHyleHuF2ETI/editMessageText "HTTP/1.1 200 OK"
2026-08-03 16:31:11,498 | INFO | HTTP Request: POST https://api.telegram.org/bot8537243856:AAEUBfd16LDpSgqhPeun1D5JHyleHuF2ETI/getUpdates "HTTP/1.1 200 OK"
2026-08-03 16:31:13,013 | INFO | HTTP Request: POST https://api.telegram.org/bot8537243856:AAEUBfd16LDpSgqhPeun1D5JHyleHuF2ETI/getUpdates "HTTP/1.1 200 OK"
2026-08-03 16:31:17,333 | INFO | HTTP Request: POST https://api.telegram.org/bot8537243856:AAEUBfd16LDpSgqhPeun1D5JHyleHuF2ETI/getUpdates "HTTP/1.1 200 OK"
2026-08-03 16:31:25,577 | INFO | HTTP Request: POST https://api.telegram.org/bot8537243856:AAEUBfd16LDpSgqhPeun1D5JHyleHuF2ETI/getUpdates "HTTP/1.1 200 OK"
2026-08-03 16:31:30,216 | INFO | HTTP Request: POST https://api.telegram.org/bot8537243856:AAEUBfd16LDpSgqhPeun1D5JHyleHuF2ETI/getUpdates "HTTP/1.1 200 OK"
2026-08-03 16:31:40,462 | INFO | HTTP Request: POST https://api.telegram.org/bot8537243856:AAEUBfd16LDpSgqhPeun1D5JHyleHuF2ETI/getUpdates "HTTP/1.1 200 OK"
2026-08-03 16:31:45,133 | INFO | HTTP Request: POST https://api.telegram.org/bot8537243856:AAEUBfd16LDpSgqhPeun1D5JHyleHuF2ETI/getUpdates "HTTP/1.1 200 OK"
2026-08-03 16:31:47,603 | INFO | HTTP Request: POST https://api.telegram.org/bot8537243856:AAEUBfd16LDpSgqhPeun1D5JHyleHuF2ETI/getUpdates "HTTP/1.1 200 OK"
2026-08-03 16:31:50,018 | INFO | HTTP Request: POST https://api.telegram.org/bot8537243856:AAEUBfd16LDpSgqhPeun1D5JHyleHuF2ETI/getUpdates "HTTP/1.1 200 OK"
2026-08-03 16:31:51,739 | INFO | HTTP Request: POST https://api.telegram.org/bot8537243856:AAEUBfd16LDpSgqhPeun1D5JHyleHuF2ETI/getUpdates "HTTP/1.1 200 OK"
2026-08-03 16:31:53,538 | INFO | HTTP Request: POST https://api.telegram.org/bot8537243856:AAEUBfd16LDpSgqhPeun1D5JHyleHuF2ETI/getUpdates "HTTP/1.1 200 OK"
2026-08-03 16:32:01,015 | INFO | HTTP Request: POST https://api.telegram.org/bot8537243856:AAEUBfd16LDpSgqhPeun1D5JHyleHuF2ETI/getUpdates "HTTP/1.1 200 OK"
2026-08-03 16:32:03,024 | INFO | HTTP Request: POST https://api.telegram.org/bot8537243856:AAEUBfd16LDpSgqhPeun1D5JHyleHuF2ETI/getUpdates "HTTP/1.1 200 OK"
2026-08-03 16:32:03,328 | INFO | HTTP Request: POST https://api.telegram.org/bot8537243856:AAEUBfd16LDpSgqhPeun1D5JHyleHuF2ETI/getUpdates "HTTP/1.1 200 OK"
2026-08-03 16:32:13,559 | INFO | HTTP Request: POST https://api.telegram.org/bot8537243856:AAEUBfd16LDpSgqhPeun1D5JHyleHuF2ETI/getUpdates "HTTP/1.1 200 OK"
2026-08-03 16:32:15,467 | INFO | HTTP Request: POST https://api.telegram.org/bot8537243856:AAEUBfd16LDpSgqhPeun1D5JHyleHuF2ETI/getUpdates "HTTP/1.1 200 OK"
2026-08-03 16:32:18,314 | INFO | HTTP Request: POST https://api.telegram.org/bot8537243856:AAEUBfd16LDpSgqhPeun1D5JHyleHuF2ETI/getUpdates "HTTP/1.1 200 OK"
2026-08-03 16:32:24,609 | INFO | HTTP Request: POST https://api.telegram.org/bot8537243856:AAEUBfd16LDpSgqhPeun1D5JHyleHuF2ETI/getUpdates "HTTP/1.1 200 OK"
2026-08-03 16:32:28,938 | INFO | HTTP Request: POST https://api.telegram.org/bot8537243856:AAEUBfd16LDpSgqhPeun1D5JHyleHuF2ETI/getUpdates "HTTP/1.1 200 OK"
2026-08-03 16:32:29,340 | INFO | HTTP Request: POST https://api.telegram.org/bot8537243856:AAEUBfd16LDpSgqhPeun1D5JHyleHuF2ETI/getUpdates "HTTP/1.1 200 OK"
2026-08-03 16:32:33,179 | INFO | HTTP Request: POST https://api.telegram.org/bot8537243856:AAEUBfd16LDpSgqhPeun1D5JHyleHuF2ETI/getUpdates "HTTP/1.1 200 OK"
2026-08-03 16:32:35,262 | INFO | HTTP Request: POST https://api.telegram.org/bot8537243856:AAEUBfd16LDpSgqhPeun1D5JHyleHuF2ETI/getUpdates "HTTP/1.1 200 OK"
2026-08-03 16:32:36,390 | INFO | HTTP Request: POST https://api.telegram.org/bot8537243856:AAEUBfd16LDpSgqhPeun1D5JHyleHuF2ETI/getUpdates "HTTP/1.1 200 OK"
2026-08-03 16:32:38,216 | INFO | HTTP Request: POST https://api.telegram.org/bot8537243856:AAEUBfd16LDpSgqhPeun1D5JHyleHuF2ETI/getUpdates "HTTP/1.1 200 OK"
2026-08-03 16:32:39,652 | INFO | HTTP Request: POST https://api.telegram.org/bot8537243856:AAEUBfd16LDpSgqhPeun1D5JHyleHuF2ETI/getUpdates "HTTP/1.1 200 OK"
2026-08-03 16:32:41,619 | INFO | HTTP Request: POST https://api.telegram.org/bot8537243856:AAEUBfd16LDpSgqhPeun1D5JHyleHuF2ETI/getUpdates "HTTP/1.1 200 OK"
2026-08-03 16:32:47,111 | INFO | HTTP Request: POST https://api.telegram.org/bot8537243856:AAEUBfd16LDpSgqhPeun1D5JHyleHuF2ETI/getUpdates "HTTP/1.1 200 OK"
2026-08-03 16:32:50,796 | INFO | HTTP Request: POST https://api.telegram.org/bot8537243856:AAEUBfd16LDpSgqhPeun1D5JHyleHuF2ETI/getUpdates "HTTP/1.1 200 OK"
2026-08-03 16:32:52,404 | INFO | HTTP Request: POST https://api.telegram.org/bot8537243856:AAEUBfd16LDpSgqhPeun1D5JHyleHuF2ETI/getUpdates "HTTP/1.1 200 OK"
2026-08-03 16:32:54,786 | INFO | HTTP Request: POST https://api.telegram.org/bot8537243856:AAEUBfd16LDpSgqhPeun1D5JHyleHuF2ETI/getUpdates "HTTP/1.1 200 OK"
2026-08-03 16:32:58,954 | INFO | HTTP Request: POST https://api.telegram.org/bot8537243856:AAEUBfd16LDpSgqhPeun1D5JHyleHuF2ETI/getUpdates "HTTP/1.1 200 OK"
2026-08-03 16:32:59,946 | INFO | HTTP Request: POST https://api.telegram.org/bot8537243856:AAEUBfd16LDpSgqhPeun1D5JHyleHuF2ETI/getUpdates "HTTP/1.1 200 OK"
2026-08-03 16:33:03,756 | INFO | HTTP Request: POST https://api.telegram.org/bot8537243856:AAEUBfd16LDpSgqhPeun1D5JHyleHuF2ETI/getUpdates "HTTP/1.1 200 OK"
2026-08-03 16:33:08,738 | INFO | HTTP Request: POST https://api.telegram.org/bot8537243856:AAEUBfd16LDpSgqhPeun1D5JHyleHuF2ETI/getUpdates "HTTP/1.1 200 OK"
2026-08-03 16:33:13,770 | INFO | HTTP Request: POST https://api.telegram.org/bot8537243856:AAEUBfd16LDpSgqhPeun1D5JHyleHuF2ETI/getUpdates "HTTP/1.1 200 OK"
2026-08-03 16:33:14,300 | INFO | HTTP Request: POST https://api.telegram.org/bot8537243856:AAEUBfd16LDpSgqhPeun1D5JHyleHuF2ETI/getUpdates "HTTP/1.1 200 OK"
2026-08-03 16:33:15,947 | INFO | HTTP Request: POST https://api.telegram.org/bot8537243856:AAEUBfd16LDpSgqhPeun1D5JHyleHuF2ETI/getUpdates "HTTP/1.1 200 OK"
2026-08-03 16:33:19,544 | INFO | HTTP Request: POST https://api.telegram.org/bot8537243856:AAEUBfd16LDpSgqhPeun1D5JHyleHuF2ETI/getUpdates "HTTP/1.1 200 OK"
2026-08-03 16:33:24,415 | INFO | HTTP Request: POST https://api.telegram.org/bot8537243856:AAEUBfd16LDpSgqhPeun1D5JHyleHuF2ETI/getUpdates "HTTP/1.1 200 OK"
2026-08-03 16:33:24,510 | INFO | HTTP Request: POST https://api.telegram.org/bot8537243856:AAEUBfd16LDpSgqhPeun1D5JHyleHuF2ETI/getMe "HTTP/1.1 200 OK"
2026-08-03 16:33:24,746 | INFO | HTTP Request: POST https://api.telegram.org/bot8537243856:AAEUBfd16LDpSgqhPeun1D5JHyleHuF2ETI/deleteWebhook "HTTP/1.1 200 OK"
2026-08-03 16:33:24,748 | INFO | Application started
2026-08-03 16:33:25,217 | INFO | HTTP Request: POST https://api.telegram.org/bot8537243856:AAEUBfd16LDpSgqhPeun1D5JHyleHuF2ETI/getUpdates "HTTP/1.1 200 OK"
2026-08-03 16:33:25,460 | INFO | HTTP Request: POST https://api.telegram.org/bot8537243856:AAEUBfd16LDpSgqhPeun1D5JHyleHuF2ETI/getUpdates "HTTP/1.1 409 Conflict"
2026-08-03 16:33:25,461 | ERROR | No error handlers are registered, logging exception.
Traceback (most recent call last):
  File "C:\Users\hehon\AppData\Local\Programs\Python\Python312\Lib\site-packages\telegram\ext\_utils\networkloop.py", line 161, in network_retry_loop
    await do_action()
  File "C:\Users\hehon\AppData\Local\Programs\Python\Python312\Lib\site-packages\telegram\ext\_utils\networkloop.py", line 154, in do_action
    action_cb_task.result()
  File "C:\Users\hehon\AppData\Local\Programs\Python\Python312\Lib\site-packages\telegram\ext\_updater.py", line 340, in polling_action_cb
    updates = await self.bot.get_updates(
              ^^^^^^^^^^^^^^^^^^^^^^^^^^^
  File "C:\Users\hehon\AppData\Local\Programs\Python\Python312\Lib\site-packages\telegram\ext\_extbot.py", line 680, in get_updates
    updates = await super().get_updates(
              ^^^^^^^^^^^^^^^^^^^^^^^^^^
  File "C:\Users\hehon\AppData\Local\Programs\Python\Python312\Lib\site-packages\telegram\_bot.py", line 4767, in get_updates
    await self._post(
  File "C:\Users\hehon\AppData\Local\Programs\Python\Python312\Lib\site-packages\telegram\_bot.py", line 712, in _post
    return await self._do_post(
           ^^^^^^^^^^^^^^^^^^^^
  File "C:\Users\hehon\AppData\Local\Programs\Python\Python312\Lib\site-packages\telegram\ext\_extbot.py", line 378, in _do_post
    return await super()._do_post(
           ^^^^^^^^^^^^^^^^^^^^^^^
  File "C:\Users\hehon\AppData\Local\Programs\Python\Python312\Lib\site-packages\telegram\_bot.py", line 741, in _do_post
    result = await request.post(
             ^^^^^^^^^^^^^^^^^^^
  File "C:\Users\hehon\AppData\Local\Programs\Python\Python312\Lib\site-packages\telegram\request\_baserequest.py", line 198, in post
    result = await self._request_wrapper(
             ^^^^^^^^^^^^^^^^^^^^^^^^^^^^
  File "C:\Users\hehon\AppData\Local\Programs\Python\Python312\Lib\site-packages\telegram\request\_baserequest.py", line 375, in _request_wrapper
    raise exception
telegram.error.Conflict: Conflict: terminated by other getUpdates request; make sure that only one bot instance is running
2026-08-03 16:33:28,476 | INFO | HTTP Request: POST https://api.telegram.org/bot8537243856:AAEUBfd16LDpSgqhPeun1D5JHyleHuF2ETI/getUpdates "HTTP/1.1 200 OK"
2026-08-03 16:33:28,849 | INFO | HTTP Request: POST https://api.telegram.org/bot8537243856:AAEUBfd16LDpSgqhPeun1D5JHyleHuF2ETI/getUpdates "HTTP/1.1 200 OK"
2026-08-03 16:38:15,465 | INFO | HTTP Request: POST https://api.telegram.org/bot8537243856:AAEUBfd16LDpSgqhPeun1D5JHyleHuF2ETI/getMe "HTTP/1.1 200 OK"
2026-08-03 16:38:15,751 | INFO | HTTP Request: POST https://api.telegram.org/bot8537243856:AAEUBfd16LDpSgqhPeun1D5JHyleHuF2ETI/deleteWebhook "HTTP/1.1 200 OK"
2026-08-03 16:38:15,752 | INFO | Application started
2026-08-03 16:38:16,690 | INFO | HTTP Request: POST https://api.telegram.org/bot8537243856:AAEUBfd16LDpSgqhPeun1D5JHyleHuF2ETI/getUpdates "HTTP/1.1 200 OK"
2026-08-03 16:38:19,311 | INFO | HTTP Request: POST https://api.telegram.org/bot8537243856:AAEUBfd16LDpSgqhPeun1D5JHyleHuF2ETI/getUpdates "HTTP/1.1 200 OK"
2026-08-03 16:38:21,373 | INFO | HTTP Request: POST https://api.telegram.org/bot8537243856:AAEUBfd16LDpSgqhPeun1D5JHyleHuF2ETI/getUpdates "HTTP/1.1 200 OK"
2026-08-03 16:38:28,016 | INFO | HTTP Request: POST https://api.telegram.org/bot8537243856:AAEUBfd16LDpSgqhPeun1D5JHyleHuF2ETI/getUpdates "HTTP/1.1 200 OK"
2026-08-03 16:38:28,018 | INFO | User:6879624273(@LL_7750) | START | 用户启动Bot
2026-08-03 16:38:28,984 | INFO | HTTP Request: POST https://api.telegram.org/bot8537243856:AAEUBfd16LDpSgqhPeun1D5JHyleHuF2ETI/sendMessage "HTTP/1.1 200 OK"
2026-08-03 16:38:30,955 | INFO | HTTP Request: POST https://api.telegram.org/bot8537243856:AAEUBfd16LDpSgqhPeun1D5JHyleHuF2ETI/getUpdates "HTTP/1.1 200 OK"
2026-08-03 16:38:31,378 | INFO | HTTP Request: POST https://api.telegram.org/bot8537243856:AAEUBfd16LDpSgqhPeun1D5JHyleHuF2ETI/answerCallbackQuery "HTTP/1.1 200 OK"
2026-08-03 16:38:31,824 | INFO | HTTP Request: POST https://api.telegram.org/bot8537243856:AAEUBfd16LDpSgqhPeun1D5JHyleHuF2ETI/editMessageText "HTTP/1.1 200 OK"
2026-08-03 16:38:36,872 | INFO | HTTP Request: POST https://api.telegram.org/bot8537243856:AAEUBfd16LDpSgqhPeun1D5JHyleHuF2ETI/getUpdates "HTTP/1.1 200 OK"
2026-08-03 16:38:37,838 | INFO | HTTP Request: POST https://api.telegram.org/bot8537243856:AAEUBfd16LDpSgqhPeun1D5JHyleHuF2ETI/answerCallbackQuery "HTTP/1.1 200 OK"
2026-08-03 16:38:38,272 | INFO | HTTP Request: POST https://api.telegram.org/bot8537243856:AAEUBfd16LDpSgqhPeun1D5JHyleHuF2ETI/editMessageText "HTTP/1.1 200 OK"
2026-08-03 16:38:43,627 | INFO | HTTP Request: POST https://api.telegram.org/bot8537243856:AAEUBfd16LDpSgqhPeun1D5JHyleHuF2ETI/getUpdates "HTTP/1.1 200 OK"
2026-08-03 16:38:53,853 | INFO | HTTP Request: POST https://api.telegram.org/bot8537243856:AAEUBfd16LDpSgqhPeun1D5JHyleHuF2ETI/getUpdates "HTTP/1.1 200 OK"
2026-08-03 16:38:54,323 | INFO | HTTP Request: POST https://api.telegram.org/bot8537243856:AAEUBfd16LDpSgqhPeun1D5JHyleHuF2ETI/getUpdates "HTTP/1.1 200 OK"
2026-08-03 16:39:00,917 | INFO | HTTP Request: POST https://api.telegram.org/bot8537243856:AAEUBfd16LDpSgqhPeun1D5JHyleHuF2ETI/getUpdates "HTTP/1.1 200 OK"
2026-08-03 16:39:11,184 | INFO | HTTP Request: POST https://api.telegram.org/bot8537243856:AAEUBfd16LDpSgqhPeun1D5JHyleHuF2ETI/getUpdates "HTTP/1.1 200 OK"
2026-08-03 16:39:18,614 | INFO | HTTP Request: POST https://api.telegram.org/bot8537243856:AAEUBfd16LDpSgqhPeun1D5JHyleHuF2ETI/getUpdates "HTTP/1.1 200 OK"
2026-08-03 16:39:19,497 | INFO | HTTP Request: POST https://api.telegram.org/bot8537243856:AAEUBfd16LDpSgqhPeun1D5JHyleHuF2ETI/answerCallbackQuery "HTTP/1.1 200 OK"
2026-08-03 16:39:19,922 | INFO | HTTP Request: POST https://api.telegram.org/bot8537243856:AAEUBfd16LDpSgqhPeun1D5JHyleHuF2ETI/editMessageText "HTTP/1.1 200 OK"
2026-08-03 16:39:28,266 | INFO | HTTP Request: POST https://api.telegram.org/bot8537243856:AAEUBfd16LDpSgqhPeun1D5JHyleHuF2ETI/getUpdates "HTTP/1.1 200 OK"
2026-08-03 16:39:28,502 | INFO | HTTP Request: POST https://api.telegram.org/bot8537243856:AAEUBfd16LDpSgqhPeun1D5JHyleHuF2ETI/getUpdates "HTTP/1.1 200 OK"
2026-08-03 16:39:33,338 | INFO | HTTP Request: POST https://api.telegram.org/bot8537243856:AAEUBfd16LDpSgqhPeun1D5JHyleHuF2ETI/getUpdates "HTTP/1.1 200 OK"
2026-08-03 16:39:34,237 | INFO | HTTP Request: POST https://api.telegram.org/bot8537243856:AAEUBfd16LDpSgqhPeun1D5JHyleHuF2ETI/sendMessage "HTTP/1.1 200 OK"
2026-08-03 16:39:38,815 | INFO | HTTP Request: POST https://api.telegram.org/bot8537243856:AAEUBfd16LDpSgqhPeun1D5JHyleHuF2ETI/getUpdates "HTTP/1.1 200 OK"
2026-08-03 16:39:39,300 | INFO | HTTP Request: POST https://api.telegram.org/bot8537243856:AAEUBfd16LDpSgqhPeun1D5JHyleHuF2ETI/sendMessage "HTTP/1.1 200 OK"
2026-08-03 16:39:48,293 | INFO | HTTP Request: POST https://api.telegram.org/bot8537243856:AAEUBfd16LDpSgqhPeun1D5JHyleHuF2ETI/getUpdates "HTTP/1.1 200 OK"
2026-08-03 16:39:48,584 | INFO | HTTP Request: POST https://api.telegram.org/bot8537243856:AAEUBfd16LDpSgqhPeun1D5JHyleHuF2ETI/getUpdates "HTTP/1.1 200 OK"
2026-08-03 16:39:48,979 | INFO | HTTP Request: POST https://api.telegram.org/bot8537243856:AAEUBfd16LDpSgqhPeun1D5JHyleHuF2ETI/getUpdates "HTTP/1.1 200 OK"
2026-08-03 16:39:49,212 | INFO | HTTP Request: POST https://api.telegram.org/bot8537243856:AAEUBfd16LDpSgqhPeun1D5JHyleHuF2ETI/sendMessage "HTTP/1.1 200 OK"
2026-08-03 16:39:53,594 | INFO | HTTP Request: POST https://api.telegram.org/bot8537243856:AAEUBfd16LDpSgqhPeun1D5JHyleHuF2ETI/getUpdates "HTTP/1.1 200 OK"
2026-08-03 16:39:58,424 | INFO | HTTP Request: POST https://api.telegram.org/bot8537243856:AAEUBfd16LDpSgqhPeun1D5JHyleHuF2ETI/getUpdates "HTTP/1.1 200 OK"
2026-08-03 16:39:58,673 | INFO | HTTP Request: POST https://api.telegram.org/bot8537243856:AAEUBfd16LDpSgqhPeun1D5JHyleHuF2ETI/getUpdates "HTTP/1.1 200 OK"
2026-08-03 16:39:58,676 | ERROR | No error handlers are registered, logging exception.
Traceback (most recent call last):
  File "C:\Users\hehon\AppData\Local\Programs\Python\Python312\Lib\site-packages\telegram\ext\_application.py", line 1315, in process_update
    await coroutine
  File "C:\Users\hehon\AppData\Local\Programs\Python\Python312\Lib\site-packages\telegram\ext\_handlers\basehandler.py", line 159, in handle_update
    return await self.callback(update, context)
           ^^^^^^^^^^^^^^^^^^^^^^^^^^^^^^^^^^^^
  File "C:\Users\hehon\Desktop\GameBot\bot.py", line 499, in forward
    if not update.message.reply_to_message:
           ^^^^^^^^^^^^^^^^^^^^^^^^^^^^^^^
AttributeError: 'NoneType' object has no attribute 'reply_to_message'
2026-08-03 16:40:04,785 | INFO | HTTP Request: POST https://api.telegram.org/bot8537243856:AAEUBfd16LDpSgqhPeun1D5JHyleHuF2ETI/getUpdates "HTTP/1.1 200 OK"
2026-08-03 16:40:05,974 | INFO | HTTP Request: POST https://api.telegram.org/bot8537243856:AAEUBfd16LDpSgqhPeun1D5JHyleHuF2ETI/getUpdates "HTTP/1.1 200 OK"
2026-08-03 16:40:07,035 | INFO | HTTP Request: POST https://api.telegram.org/bot8537243856:AAEUBfd16LDpSgqhPeun1D5JHyleHuF2ETI/getUpdates "HTTP/1.1 200 OK"
2026-08-03 16:40:07,038 | INFO | User:5300063761(@MCLP1_1) | FORWARD | 转发到 Chat ID: -1003785482696
2026-08-03 16:40:08,073 | INFO | HTTP Request: POST https://api.telegram.org/bot8537243856:AAEUBfd16LDpSgqhPeun1D5JHyleHuF2ETI/forwardMessage "HTTP/1.1 200 OK"
2026-08-03 16:40:08,533 | INFO | HTTP Request: POST https://api.telegram.org/bot8537243856:AAEUBfd16LDpSgqhPeun1D5JHyleHuF2ETI/sendMessage "HTTP/1.1 200 OK"
2026-08-03 16:40:08,535 | INFO | User:5300063761(@MCLP1_1) | FORWARD_SUCCESS | 目标: -1003785482696
2026-08-03 16:40:13,272 | INFO | HTTP Request: POST https://api.telegram.org/bot8537243856:AAEUBfd16LDpSgqhPeun1D5JHyleHuF2ETI/getUpdates "HTTP/1.1 200 OK"
2026-08-03 16:40:23,185 | INFO | HTTP Request: POST https://api.telegram.org/bot8537243856:AAEUBfd16LDpSgqhPeun1D5JHyleHuF2ETI/getUpdates "HTTP/1.1 200 OK"
2026-08-03 16:40:26,381 | INFO | HTTP Request: POST https://api.telegram.org/bot8537243856:AAEUBfd16LDpSgqhPeun1D5JHyleHuF2ETI/getUpdates "HTTP/1.1 200 OK"
2026-08-03 16:40:30,866 | INFO | HTTP Request: POST https://api.telegram.org/bot8537243856:AAEUBfd16LDpSgqhPeun1D5JHyleHuF2ETI/getUpdates "HTTP/1.1 200 OK"
2026-08-03 16:40:32,187 | INFO | HTTP Request: POST https://api.telegram.org/bot8537243856:AAEUBfd16LDpSgqhPeun1D5JHyleHuF2ETI/getUpdates "HTTP/1.1 200 OK"
2026-08-03 16:40:42,422 | INFO | HTTP Request: POST https://api.telegram.org/bot8537243856:AAEUBfd16LDpSgqhPeun1D5JHyleHuF2ETI/getUpdates "HTTP/1.1 200 OK"
2026-08-03 16:40:48,220 | INFO | HTTP Request: POST https://api.telegram.org/bot8537243856:AAEUBfd16LDpSgqhPeun1D5JHyleHuF2ETI/getUpdates "HTTP/1.1 200 OK"
2026-08-03 16:40:57,640 | INFO | HTTP Request: POST https://api.telegram.org/bot8537243856:AAEUBfd16LDpSgqhPeun1D5JHyleHuF2ETI/getUpdates "HTTP/1.1 200 OK"
2026-08-03 16:41:07,875 | INFO | HTTP Request: POST https://api.telegram.org/bot8537243856:AAEUBfd16LDpSgqhPeun1D5JHyleHuF2ETI/getUpdates "HTTP/1.1 200 OK"
2026-08-03 16:41:10,158 | INFO | HTTP Request: POST https://api.telegram.org/bot8537243856:AAEUBfd16LDpSgqhPeun1D5JHyleHuF2ETI/getUpdates "HTTP/1.1 200 OK"
2026-08-03 16:41:20,390 | INFO | HTTP Request: POST https://api.telegram.org/bot8537243856:AAEUBfd16LDpSgqhPeun1D5JHyleHuF2ETI/getUpdates "HTTP/1.1 200 OK"
2026-08-03 16:41:22,165 | INFO | HTTP Request: POST https://api.telegram.org/bot8537243856:AAEUBfd16LDpSgqhPeun1D5JHyleHuF2ETI/getUpdates "HTTP/1.1 200 OK"
2026-08-03 16:41:32,401 | INFO | HTTP Request: POST https://api.telegram.org/bot8537243856:AAEUBfd16LDpSgqhPeun1D5JHyleHuF2ETI/getUpdates "HTTP/1.1 200 OK"
2026-08-03 16:41:42,627 | INFO | HTTP Request: POST https://api.telegram.org/bot8537243856:AAEUBfd16LDpSgqhPeun1D5JHyleHuF2ETI/getUpdates "HTTP/1.1 200 OK"
2026-08-03 16:41:43,651 | INFO | HTTP Request: POST https://api.telegram.org/bot8537243856:AAEUBfd16LDpSgqhPeun1D5JHyleHuF2ETI/getUpdates "HTTP/1.1 200 OK"
2026-08-03 16:41:53,272 | INFO | HTTP Request: POST https://api.telegram.org/bot8537243856:AAEUBfd16LDpSgqhPeun1D5JHyleHuF2ETI/getUpdates "HTTP/1.1 200 OK"
2026-08-03 16:42:01,173 | INFO | HTTP Request: POST https://api.telegram.org/bot8537243856:AAEUBfd16LDpSgqhPeun1D5JHyleHuF2ETI/getUpdates "HTTP/1.1 200 OK"
2026-08-03 16:42:11,429 | INFO | HTTP Request: POST https://api.telegram.org/bot8537243856:AAEUBfd16LDpSgqhPeun1D5JHyleHuF2ETI/getUpdates "HTTP/1.1 200 OK"
2026-08-03 16:42:16,946 | INFO | HTTP Request: POST https://api.telegram.org/bot8537243856:AAEUBfd16LDpSgqhPeun1D5JHyleHuF2ETI/getUpdates "HTTP/1.1 200 OK"
2026-08-03 16:42:18,787 | INFO | HTTP Request: POST https://api.telegram.org/bot8537243856:AAEUBfd16LDpSgqhPeun1D5JHyleHuF2ETI/getUpdates "HTTP/1.1 200 OK"
2026-08-03 16:42:19,040 | INFO | HTTP Request: POST https://api.telegram.org/bot8537243856:AAEUBfd16LDpSgqhPeun1D5JHyleHuF2ETI/getUpdates "HTTP/1.1 200 OK"
2026-08-03 16:42:29,279 | INFO | HTTP Request: POST https://api.telegram.org/bot8537243856:AAEUBfd16LDpSgqhPeun1D5JHyleHuF2ETI/getUpdates "HTTP/1.1 200 OK"
2026-08-03 16:42:39,548 | INFO | HTTP Request: POST https://api.telegram.org/bot8537243856:AAEUBfd16LDpSgqhPeun1D5JHyleHuF2ETI/getUpdates "HTTP/1.1 200 OK"
2026-08-03 16:42:44,428 | INFO | HTTP Request: POST https://api.telegram.org/bot8537243856:AAEUBfd16LDpSgqhPeun1D5JHyleHuF2ETI/getUpdates "HTTP/1.1 200 OK"
2026-08-03 16:42:54,787 | INFO | HTTP Request: POST https://api.telegram.org/bot8537243856:AAEUBfd16LDpSgqhPeun1D5JHyleHuF2ETI/getUpdates "HTTP/1.1 200 OK"
2026-08-03 16:43:05,213 | INFO | HTTP Request: POST https://api.telegram.org/bot8537243856:AAEUBfd16LDpSgqhPeun1D5JHyleHuF2ETI/getUpdates "HTTP/1.1 200 OK"
2026-08-03 16:43:05,453 | INFO | HTTP Request: POST https://api.telegram.org/bot8537243856:AAEUBfd16LDpSgqhPeun1D5JHyleHuF2ETI/getUpdates "HTTP/1.1 200 OK"
2026-08-03 16:43:09,576 | INFO | HTTP Request: POST https://api.telegram.org/bot8537243856:AAEUBfd16LDpSgqhPeun1D5JHyleHuF2ETI/getUpdates "HTTP/1.1 200 OK"
2026-08-03 16:43:16,869 | INFO | HTTP Request: POST https://api.telegram.org/bot8537243856:AAEUBfd16LDpSgqhPeun1D5JHyleHuF2ETI/getUpdates "HTTP/1.1 200 OK"
2026-08-03 16:43:22,447 | INFO | HTTP Request: POST https://api.telegram.org/bot8537243856:AAEUBfd16LDpSgqhPeun1D5JHyleHuF2ETI/getUpdates "HTTP/1.1 200 OK"
2026-08-03 16:43:30,596 | INFO | HTTP Request: POST https://api.telegram.org/bot8537243856:AAEUBfd16LDpSgqhPeun1D5JHyleHuF2ETI/getUpdates "HTTP/1.1 200 OK"
2026-08-03 16:43:40,834 | INFO | HTTP Request: POST https://api.telegram.org/bot8537243856:AAEUBfd16LDpSgqhPeun1D5JHyleHuF2ETI/getUpdates "HTTP/1.1 200 OK"
2026-08-03 16:43:43,039 | INFO | HTTP Request: POST https://api.telegram.org/bot8537243856:AAEUBfd16LDpSgqhPeun1D5JHyleHuF2ETI/getUpdates "HTTP/1.1 200 OK"
2026-08-03 16:43:45,437 | INFO | HTTP Request: POST https://api.telegram.org/bot8537243856:AAEUBfd16LDpSgqhPeun1D5JHyleHuF2ETI/getUpdates "HTTP/1.1 200 OK"
2026-08-03 16:43:48,984 | INFO | HTTP Request: POST https://api.telegram.org/bot8537243856:AAEUBfd16LDpSgqhPeun1D5JHyleHuF2ETI/getUpdates "HTTP/1.1 200 OK"
2026-08-03 16:43:57,389 | INFO | HTTP Request: POST https://api.telegram.org/bot8537243856:AAEUBfd16LDpSgqhPeun1D5JHyleHuF2ETI/getUpdates "HTTP/1.1 200 OK"
2026-08-03 16:44:07,628 | INFO | HTTP Request: POST https://api.telegram.org/bot8537243856:AAEUBfd16LDpSgqhPeun1D5JHyleHuF2ETI/getUpdates "HTTP/1.1 200 OK"
2026-08-03 16:44:09,670 | INFO | HTTP Request: POST https://api.telegram.org/bot8537243856:AAEUBfd16LDpSgqhPeun1D5JHyleHuF2ETI/getUpdates "HTTP/1.1 200 OK"
2026-08-03 16:44:19,922 | INFO | HTTP Request: POST https://api.telegram.org/bot8537243856:AAEUBfd16LDpSgqhPeun1D5JHyleHuF2ETI/getUpdates "HTTP/1.1 200 OK"
2026-08-03 16:44:23,013 | INFO | HTTP Request: POST https://api.telegram.org/bot8537243856:AAEUBfd16LDpSgqhPeun1D5JHyleHuF2ETI/getUpdates "HTTP/1.1 200 OK"
2026-08-03 16:44:24,228 | INFO | HTTP Request: POST https://api.telegram.org/bot8537243856:AAEUBfd16LDpSgqhPeun1D5JHyleHuF2ETI/getUpdates "HTTP/1.1 200 OK"
2026-08-03 16:44:25,052 | INFO | HTTP Request: POST https://api.telegram.org/bot8537243856:AAEUBfd16LDpSgqhPeun1D5JHyleHuF2ETI/getUpdates "HTTP/1.1 200 OK"
2026-08-03 16:44:29,755 | INFO | HTTP Request: POST https://api.telegram.org/bot8537243856:AAEUBfd16LDpSgqhPeun1D5JHyleHuF2ETI/getUpdates "HTTP/1.1 200 OK"
2026-08-03 16:44:31,469 | INFO | HTTP Request: POST https://api.telegram.org/bot8537243856:AAEUBfd16LDpSgqhPeun1D5JHyleHuF2ETI/getUpdates "HTTP/1.1 200 OK"
2026-08-03 16:44:41,709 | INFO | HTTP Request: POST https://api.telegram.org/bot8537243856:AAEUBfd16LDpSgqhPeun1D5JHyleHuF2ETI/getUpdates "HTTP/1.1 200 OK"
2026-08-03 16:44:44,954 | INFO | HTTP Request: POST https://api.telegram.org/bot8537243856:AAEUBfd16LDpSgqhPeun1D5JHyleHuF2ETI/getUpdates "HTTP/1.1 200 OK"
2026-08-03 16:44:49,097 | INFO | HTTP Request: POST https://api.telegram.org/bot8537243856:AAEUBfd16LDpSgqhPeun1D5JHyleHuF2ETI/getUpdates "HTTP/1.1 200 OK"
2026-08-03 16:44:57,829 | INFO | HTTP Request: POST https://api.telegram.org/bot8537243856:AAEUBfd16LDpSgqhPeun1D5JHyleHuF2ETI/getUpdates "HTTP/1.1 200 OK"
2026-08-03 16:45:01,349 | INFO | HTTP Request: POST https://api.telegram.org/bot8537243856:AAEUBfd16LDpSgqhPeun1D5JHyleHuF2ETI/getUpdates "HTTP/1.1 200 OK"
2026-08-03 16:45:04,273 | INFO | HTTP Request: POST https://api.telegram.org/bot8537243856:AAEUBfd16LDpSgqhPeun1D5JHyleHuF2ETI/getUpdates "HTTP/1.1 200 OK"
2026-08-03 16:45:14,507 | INFO | HTTP Request: POST https://api.telegram.org/bot8537243856:AAEUBfd16LDpSgqhPeun1D5JHyleHuF2ETI/getUpdates "HTTP/1.1 200 OK"
2026-08-03 16:45:22,075 | INFO | HTTP Request: POST https://api.telegram.org/bot8537243856:AAEUBfd16LDpSgqhPeun1D5JHyleHuF2ETI/getUpdates "HTTP/1.1 200 OK"
2026-08-03 16:45:25,276 | INFO | HTTP Request: POST https://api.telegram.org/bot8537243856:AAEUBfd16LDpSgqhPeun1D5JHyleHuF2ETI/getUpdates "HTTP/1.1 200 OK"
2026-08-03 16:45:26,875 | INFO | HTTP Request: POST https://api.telegram.org/bot8537243856:AAEUBfd16LDpSgqhPeun1D5JHyleHuF2ETI/getUpdates "HTTP/1.1 200 OK"
2026-08-03 16:45:37,120 | INFO | HTTP Request: POST https://api.telegram.org/bot8537243856:AAEUBfd16LDpSgqhPeun1D5JHyleHuF2ETI/getUpdates "HTTP/1.1 200 OK"
2026-08-03 16:45:37,949 | INFO | HTTP Request: POST https://api.telegram.org/bot8537243856:AAEUBfd16LDpSgqhPeun1D5JHyleHuF2ETI/getUpdates "HTTP/1.1 200 OK"
2026-08-03 16:45:38,556 | INFO | HTTP Request: POST https://api.telegram.org/bot8537243856:AAEUBfd16LDpSgqhPeun1D5JHyleHuF2ETI/getUpdates "HTTP/1.1 200 OK"
2026-08-03 16:45:48,837 | INFO | HTTP Request: POST https://api.telegram.org/bot8537243856:AAEUBfd16LDpSgqhPeun1D5JHyleHuF2ETI/getUpdates "HTTP/1.1 200 OK"
2026-08-03 16:45:54,531 | INFO | HTTP Request: POST https://api.telegram.org/bot8537243856:AAEUBfd16LDpSgqhPeun1D5JHyleHuF2ETI/getUpdates "HTTP/1.1 200 OK"
2026-08-03 16:45:54,765 | INFO | HTTP Request: POST https://api.telegram.org/bot8537243856:AAEUBfd16LDpSgqhPeun1D5JHyleHuF2ETI/getUpdates "HTTP/1.1 200 OK"
2026-08-03 16:45:55,629 | INFO | HTTP Request: POST https://api.telegram.org/bot8537243856:AAEUBfd16LDpSgqhPeun1D5JHyleHuF2ETI/getUpdates "HTTP/1.1 200 OK"
2026-08-03 16:45:57,994 | INFO | HTTP Request: POST https://api.telegram.org/bot8537243856:AAEUBfd16LDpSgqhPeun1D5JHyleHuF2ETI/getUpdates "HTTP/1.1 200 OK"
2026-08-03 16:46:01,262 | INFO | HTTP Request: POST https://api.telegram.org/bot8537243856:AAEUBfd16LDpSgqhPeun1D5JHyleHuF2ETI/getUpdates "HTTP/1.1 200 OK"
2026-08-03 16:46:03,845 | INFO | HTTP Request: POST https://api.telegram.org/bot8537243856:AAEUBfd16LDpSgqhPeun1D5JHyleHuF2ETI/getUpdates "HTTP/1.1 200 OK"
2026-08-03 16:46:14,090 | INFO | HTTP Request: POST https://api.telegram.org/bot8537243856:AAEUBfd16LDpSgqhPeun1D5JHyleHuF2ETI/getUpdates "HTTP/1.1 200 OK"
2026-08-03 16:46:14,799 | INFO | HTTP Request: POST https://api.telegram.org/bot8537243856:AAEUBfd16LDpSgqhPeun1D5JHyleHuF2ETI/getUpdates "HTTP/1.1 200 OK"
2026-08-03 16:46:25,043 | INFO | HTTP Request: POST https://api.telegram.org/bot8537243856:AAEUBfd16LDpSgqhPeun1D5JHyleHuF2ETI/getUpdates "HTTP/1.1 200 OK"
2026-08-03 16:46:31,186 | INFO | HTTP Request: POST https://api.telegram.org/bot8537243856:AAEUBfd16LDpSgqhPeun1D5JHyleHuF2ETI/getUpdates "HTTP/1.1 200 OK"
2026-08-03 16:46:40,846 | INFO | HTTP Request: POST https://api.telegram.org/bot8537243856:AAEUBfd16LDpSgqhPeun1D5JHyleHuF2ETI/getUpdates "HTTP/1.1 200 OK"
2026-08-03 16:46:46,352 | INFO | HTTP Request: POST https://api.telegram.org/bot8537243856:AAEUBfd16LDpSgqhPeun1D5JHyleHuF2ETI/getUpdates "HTTP/1.1 200 OK"
2026-08-03 16:46:50,148 | INFO | HTTP Request: POST https://api.telegram.org/bot8537243856:AAEUBfd16LDpSgqhPeun1D5JHyleHuF2ETI/getUpdates "HTTP/1.1 200 OK"
2026-08-03 16:46:55,318 | INFO | HTTP Request: POST https://api.telegram.org/bot8537243856:AAEUBfd16LDpSgqhPeun1D5JHyleHuF2ETI/getUpdates "HTTP/1.1 200 OK"
2026-08-03 16:47:01,225 | INFO | HTTP Request: POST https://api.telegram.org/bot8537243856:AAEUBfd16LDpSgqhPeun1D5JHyleHuF2ETI/getUpdates "HTTP/1.1 200 OK"
2026-08-03 16:47:02,790 | INFO | HTTP Request: POST https://api.telegram.org/bot8537243856:AAEUBfd16LDpSgqhPeun1D5JHyleHuF2ETI/getUpdates "HTTP/1.1 200 OK"
2026-08-03 16:47:08,403 | INFO | HTTP Request: POST https://api.telegram.org/bot8537243856:AAEUBfd16LDpSgqhPeun1D5JHyleHuF2ETI/getUpdates "HTTP/1.1 200 OK"
2026-08-03 16:47:11,590 | INFO | HTTP Request: POST https://api.telegram.org/bot8537243856:AAEUBfd16LDpSgqhPeun1D5JHyleHuF2ETI/getUpdates "HTTP/1.1 200 OK"
2026-08-03 16:47:13,270 | INFO | HTTP Request: POST https://api.telegram.org/bot8537243856:AAEUBfd16LDpSgqhPeun1D5JHyleHuF2ETI/getUpdates "HTTP/1.1 200 OK"
2026-08-03 16:47:23,511 | INFO | HTTP Request: POST https://api.telegram.org/bot8537243856:AAEUBfd16LDpSgqhPeun1D5JHyleHuF2ETI/getUpdates "HTTP/1.1 200 OK"
2026-08-03 16:47:27,617 | INFO | HTTP Request: POST https://api.telegram.org/bot8537243856:AAEUBfd16LDpSgqhPeun1D5JHyleHuF2ETI/getUpdates "HTTP/1.1 200 OK"
2026-08-03 16:47:30,039 | INFO | HTTP Request: POST https://api.telegram.org/bot8537243856:AAEUBfd16LDpSgqhPeun1D5JHyleHuF2ETI/getUpdates "HTTP/1.1 200 OK"
2026-08-03 16:47:36,860 | INFO | HTTP Request: POST https://api.telegram.org/bot8537243856:AAEUBfd16LDpSgqhPeun1D5JHyleHuF2ETI/getUpdates "HTTP/1.1 200 OK"
2026-08-03 16:47:40,278 | INFO | HTTP Request: POST https://api.telegram.org/bot8537243856:AAEUBfd16LDpSgqhPeun1D5JHyleHuF2ETI/getUpdates "HTTP/1.1 200 OK"
2026-08-03 16:47:47,972 | INFO | HTTP Request: POST https://api.telegram.org/bot8537243856:AAEUBfd16LDpSgqhPeun1D5JHyleHuF2ETI/getUpdates "HTTP/1.1 200 OK"
2026-08-03 16:47:49,152 | INFO | HTTP Request: POST https://api.telegram.org/bot8537243856:AAEUBfd16LDpSgqhPeun1D5JHyleHuF2ETI/getUpdates "HTTP/1.1 200 OK"
2026-08-03 16:47:51,080 | INFO | HTTP Request: POST https://api.telegram.org/bot8537243856:AAEUBfd16LDpSgqhPeun1D5JHyleHuF2ETI/getUpdates "HTTP/1.1 200 OK"
2026-08-03 16:48:01,317 | INFO | HTTP Request: POST https://api.telegram.org/bot8537243856:AAEUBfd16LDpSgqhPeun1D5JHyleHuF2ETI/getUpdates "HTTP/1.1 200 OK"
2026-08-03 16:48:03,079 | INFO | HTTP Request: POST https://api.telegram.org/bot8537243856:AAEUBfd16LDpSgqhPeun1D5JHyleHuF2ETI/getUpdates "HTTP/1.1 200 OK"
2026-08-03 16:48:13,351 | INFO | HTTP Request: POST https://api.telegram.org/bot8537243856:AAEUBfd16LDpSgqhPeun1D5JHyleHuF2ETI/getUpdates "HTTP/1.1 200 OK"
2026-08-03 16:48:18,919 | INFO | HTTP Request: POST https://api.telegram.org/bot8537243856:AAEUBfd16LDpSgqhPeun1D5JHyleHuF2ETI/getUpdates "HTTP/1.1 200 OK"
2026-08-03 16:48:25,401 | INFO | HTTP Request: POST https://api.telegram.org/bot8537243856:AAEUBfd16LDpSgqhPeun1D5JHyleHuF2ETI/getUpdates "HTTP/1.1 200 OK"
2026-08-03 16:48:31,952 | INFO | HTTP Request: POST https://api.telegram.org/bot8537243856:AAEUBfd16LDpSgqhPeun1D5JHyleHuF2ETI/getUpdates "HTTP/1.1 200 OK"
2026-08-03 16:48:42,192 | INFO | HTTP Request: POST https://api.telegram.org/bot8537243856:AAEUBfd16LDpSgqhPeun1D5JHyleHuF2ETI/getUpdates "HTTP/1.1 200 OK"
2026-08-03 16:48:43,232 | INFO | HTTP Request: POST https://api.telegram.org/bot8537243856:AAEUBfd16LDpSgqhPeun1D5JHyleHuF2ETI/getUpdates "HTTP/1.1 200 OK"
2026-08-03 16:48:44,722 | INFO | HTTP Request: POST https://api.telegram.org/bot8537243856:AAEUBfd16LDpSgqhPeun1D5JHyleHuF2ETI/getUpdates "HTTP/1.1 200 OK"
2026-08-03 16:48:45,021 | INFO | HTTP Request: POST https://api.telegram.org/bot8537243856:AAEUBfd16LDpSgqhPeun1D5JHyleHuF2ETI/getUpdates "HTTP/1.1 200 OK"
2026-08-03 16:48:48,960 | INFO | HTTP Request: POST https://api.telegram.org/bot8537243856:AAEUBfd16LDpSgqhPeun1D5JHyleHuF2ETI/getUpdates "HTTP/1.1 200 OK"
2026-08-03 16:48:50,909 | INFO | HTTP Request: POST https://api.telegram.org/bot8537243856:AAEUBfd16LDpSgqhPeun1D5JHyleHuF2ETI/getUpdates "HTTP/1.1 200 OK"
2026-08-03 16:48:54,272 | INFO | HTTP Request: POST https://api.telegram.org/bot8537243856:AAEUBfd16LDpSgqhPeun1D5JHyleHuF2ETI/getUpdates "HTTP/1.1 200 OK"
2026-08-03 16:49:00,569 | INFO | HTTP Request: POST https://api.telegram.org/bot8537243856:AAEUBfd16LDpSgqhPeun1D5JHyleHuF2ETI/getUpdates "HTTP/1.1 200 OK"
2026-08-03 16:49:10,800 | INFO | HTTP Request: POST https://api.telegram.org/bot8537243856:AAEUBfd16LDpSgqhPeun1D5JHyleHuF2ETI/getUpdates "HTTP/1.1 200 OK"
2026-08-03 16:49:13,564 | INFO | HTTP Request: POST https://api.telegram.org/bot8537243856:AAEUBfd16LDpSgqhPeun1D5JHyleHuF2ETI/getUpdates "HTTP/1.1 200 OK"
2026-08-03 16:49:15,471 | INFO | HTTP Request: POST https://api.telegram.org/bot8537243856:AAEUBfd16LDpSgqhPeun1D5JHyleHuF2ETI/getUpdates "HTTP/1.1 200 OK"
2026-08-03 16:49:22,975 | INFO | HTTP Request: POST https://api.telegram.org/bot8537243856:AAEUBfd16LDpSgqhPeun1D5JHyleHuF2ETI/getUpdates "HTTP/1.1 200 OK"
2026-08-03 16:49:26,548 | INFO | HTTP Request: POST https://api.telegram.org/bot8537243856:AAEUBfd16LDpSgqhPeun1D5JHyleHuF2ETI/getUpdates "HTTP/1.1 200 OK"
2026-08-03 16:49:30,123 | INFO | HTTP Request: POST https://api.telegram.org/bot8537243856:AAEUBfd16LDpSgqhPeun1D5JHyleHuF2ETI/getUpdates "HTTP/1.1 200 OK"
2026-08-03 16:49:30,519 | INFO | HTTP Request: POST https://api.telegram.org/bot8537243856:AAEUBfd16LDpSgqhPeun1D5JHyleHuF2ETI/getUpdates "HTTP/1.1 200 OK"
2026-08-03 16:49:34,748 | INFO | HTTP Request: POST https://api.telegram.org/bot8537243856:AAEUBfd16LDpSgqhPeun1D5JHyleHuF2ETI/getUpdates "HTTP/1.1 200 OK"
2026-08-03 16:49:42,112 | INFO | HTTP Request: POST https://api.telegram.org/bot8537243856:AAEUBfd16LDpSgqhPeun1D5JHyleHuF2ETI/getUpdates "HTTP/1.1 200 OK"
2026-08-03 16:49:45,325 | INFO | HTTP Request: POST https://api.telegram.org/bot8537243856:AAEUBfd16LDpSgqhPeun1D5JHyleHuF2ETI/getUpdates "HTTP/1.1 200 OK"
2026-08-03 16:49:45,994 | INFO | HTTP Request: POST https://api.telegram.org/bot8537243856:AAEUBfd16LDpSgqhPeun1D5JHyleHuF2ETI/getUpdates "HTTP/1.1 200 OK"
2026-08-03 16:49:49,280 | INFO | HTTP Request: POST https://api.telegram.org/bot8537243856:AAEUBfd16LDpSgqhPeun1D5JHyleHuF2ETI/getUpdates "HTTP/1.1 200 OK"
2026-08-03 16:49:57,274 | INFO | HTTP Request: POST https://api.telegram.org/bot8537243856:AAEUBfd16LDpSgqhPeun1D5JHyleHuF2ETI/getUpdates "HTTP/1.1 200 OK"
2026-08-03 16:49:57,613 | INFO | HTTP Request: POST https://api.telegram.org/bot8537243856:AAEUBfd16LDpSgqhPeun1D5JHyleHuF2ETI/getUpdates "HTTP/1.1 200 OK"
2026-08-03 16:50:07,859 | INFO | HTTP Request: POST https://api.telegram.org/bot8537243856:AAEUBfd16LDpSgqhPeun1D5JHyleHuF2ETI/getUpdates "HTTP/1.1 200 OK"
2026-08-03 16:50:11,039 | INFO | HTTP Request: POST https://api.telegram.org/bot8537243856:AAEUBfd16LDpSgqhPeun1D5JHyleHuF2ETI/getUpdates "HTTP/1.1 200 OK"
2026-08-03 16:50:13,681 | INFO | HTTP Request: POST https://api.telegram.org/bot8537243856:AAEUBfd16LDpSgqhPeun1D5JHyleHuF2ETI/getUpdates "HTTP/1.1 200 OK"
2026-08-03 16:50:18,434 | INFO | HTTP Request: POST https://api.telegram.org/bot8537243856:AAEUBfd16LDpSgqhPeun1D5JHyleHuF2ETI/getUpdates "HTTP/1.1 200 OK"
2026-08-03 16:50:21,713 | INFO | HTTP Request: POST https://api.telegram.org/bot8537243856:AAEUBfd16LDpSgqhPeun1D5JHyleHuF2ETI/getUpdates "HTTP/1.1 200 OK"
2026-08-03 16:50:24,763 | INFO | HTTP Request: POST https://api.telegram.org/bot8537243856:AAEUBfd16LDpSgqhPeun1D5JHyleHuF2ETI/getUpdates "HTTP/1.1 200 OK"
2026-08-03 16:50:29,669 | INFO | HTTP Request: POST https://api.telegram.org/bot8537243856:AAEUBfd16LDpSgqhPeun1D5JHyleHuF2ETI/getUpdates "HTTP/1.1 200 OK"
2026-08-03 16:50:32,193 | INFO | HTTP Request: POST https://api.telegram.org/bot8537243856:AAEUBfd16LDpSgqhPeun1D5JHyleHuF2ETI/getUpdates "HTTP/1.1 200 OK"
2026-08-03 16:50:38,769 | INFO | HTTP Request: POST https://api.telegram.org/bot8537243856:AAEUBfd16LDpSgqhPeun1D5JHyleHuF2ETI/getUpdates "HTTP/1.1 200 OK"
2026-08-03 16:50:40,922 | INFO | HTTP Request: POST https://api.telegram.org/bot8537243856:AAEUBfd16LDpSgqhPeun1D5JHyleHuF2ETI/getUpdates "HTTP/1.1 200 OK"
2026-08-03 16:50:44,272 | ERROR | Task exception was never retrieved
future: <Task finished name='Task-1' coro=<check_schedule() done, defined at C:\Users\hehon\Desktop\GameBot\bot.py:1112> exception=KeyError(slice(None, None, None))>
Traceback (most recent call last):
  File "C:\Users\hehon\Desktop\GameBot\bot.py", line 1116, in check_schedule
    states[user_id]["is_playing"] = True
            ^^^^^^^^
KeyError: slice(None, None, None)
2026-08-03 16:50:45,033 | INFO | HTTP Request: POST https://api.telegram.org/bot8537243856:AAEUBfd16LDpSgqhPeun1D5JHyleHuF2ETI/getUpdates "HTTP/1.1 200 OK"
2026-08-03 16:50:50,115 | INFO | HTTP Request: POST https://api.telegram.org/bot8537243856:AAEUBfd16LDpSgqhPeun1D5JHyleHuF2ETI/getUpdates "HTTP/1.1 200 OK"
2026-08-03 16:50:50,554 | INFO | HTTP Request: POST https://api.telegram.org/bot8537243856:AAEUBfd16LDpSgqhPeun1D5JHyleHuF2ETI/getUpdates "HTTP/1.1 200 OK"
2026-08-03 16:50:50,993 | INFO | HTTP Request: POST https://api.telegram.org/bot8537243856:AAEUBfd16LDpSgqhPeun1D5JHyleHuF2ETI/getUpdates "HTTP/1.1 200 OK"
2026-08-03 16:51:01,231 | INFO | HTTP Request: POST https://api.telegram.org/bot8537243856:AAEUBfd16LDpSgqhPeun1D5JHyleHuF2ETI/getUpdates "HTTP/1.1 200 OK"
2026-08-03 16:51:07,894 | INFO | HTTP Request: POST https://api.telegram.org/bot8537243856:AAEUBfd16LDpSgqhPeun1D5JHyleHuF2ETI/getUpdates "HTTP/1.1 200 OK"
2026-08-03 16:51:16,085 | INFO | HTTP Request: POST https://api.telegram.org/bot8537243856:AAEUBfd16LDpSgqhPeun1D5JHyleHuF2ETI/getUpdates "HTTP/1.1 200 OK"
2026-08-03 16:51:18,423 | INFO | HTTP Request: POST https://api.telegram.org/bot8537243856:AAEUBfd16LDpSgqhPeun1D5JHyleHuF2ETI/getUpdates "HTTP/1.1 200 OK"
2026-08-03 16:51:28,662 | INFO | HTTP Request: POST https://api.telegram.org/bot8537243856:AAEUBfd16LDpSgqhPeun1D5JHyleHuF2ETI/getUpdates "HTTP/1.1 200 OK"
2026-08-03 16:51:38,902 | INFO | HTTP Request: POST https://api.telegram.org/bot8537243856:AAEUBfd16LDpSgqhPeun1D5JHyleHuF2ETI/getUpdates "HTTP/1.1 200 OK"
2026-08-03 16:51:43,755 | INFO | HTTP Request: POST https://api.telegram.org/bot8537243856:AAEUBfd16LDpSgqhPeun1D5JHyleHuF2ETI/getUpdates "HTTP/1.1 200 OK"
2026-08-03 16:51:53,994 | INFO | HTTP Request: POST https://api.telegram.org/bot8537243856:AAEUBfd16LDpSgqhPeun1D5JHyleHuF2ETI/getUpdates "HTTP/1.1 200 OK"
2026-08-03 16:51:54,276 | INFO | HTTP Request: POST https://api.telegram.org/bot8537243856:AAEUBfd16LDpSgqhPeun1D5JHyleHuF2ETI/getUpdates "HTTP/1.1 200 OK"
2026-08-03 16:52:00,874 | INFO | HTTP Request: POST https://api.telegram.org/bot8537243856:AAEUBfd16LDpSgqhPeun1D5JHyleHuF2ETI/getUpdates "HTTP/1.1 200 OK"
2026-08-03 16:52:10,954 | INFO | HTTP Request: POST https://api.telegram.org/bot8537243856:AAEUBfd16LDpSgqhPeun1D5JHyleHuF2ETI/getUpdates "HTTP/1.1 200 OK"
2026-08-03 16:52:14,994 | INFO | HTTP Request: POST https://api.telegram.org/bot8537243856:AAEUBfd16LDpSgqhPeun1D5JHyleHuF2ETI/getUpdates "HTTP/1.1 200 OK"
2026-08-03 16:52:20,435 | INFO | HTTP Request: POST https://api.telegram.org/bot8537243856:AAEUBfd16LDpSgqhPeun1D5JHyleHuF2ETI/getUpdates "HTTP/1.1 200 OK"
2026-08-03 16:52:27,994 | INFO | HTTP Request: POST https://api.telegram.org/bot8537243856:AAEUBfd16LDpSgqhPeun1D5JHyleHuF2ETI/getUpdates "HTTP/1.1 200 OK"
2026-08-03 16:52:56,131 | ERROR | Task exception was never retrieved
future: <Task finished name='Task-1' coro=<check_schedule() done, defined at C:\Users\hehon\Desktop\GameBot\bot.py:1124> exception=JSONDecodeError('Expecting value: line 1 column 1 (char 0)')>
Traceback (most recent call last):
  File "C:\Users\hehon\Desktop\GameBot\bot.py", line 1126, in check_schedule
    sched = load_schedule()
            ^^^^^^^^^^^^^^^
  File "C:\Users\hehon\Desktop\GameBot\bot.py", line 87, in load_schedule
    return json.load(f)
           ^^^^^^^^^^^^
  File "C:\Users\hehon\AppData\Local\Programs\Python\Python312\Lib\json\__init__.py", line 293, in load
    return loads(fp.read(),
           ^^^^^^^^^^^^^^^^
  File "C:\Users\hehon\AppData\Local\Programs\Python\Python312\Lib\json\__init__.py", line 346, in loads
    return _default_decoder.decode(s)
           ^^^^^^^^^^^^^^^^^^^^^^^^^^
  File "C:\Users\hehon\AppData\Local\Programs\Python\Python312\Lib\json\decoder.py", line 338, in decode
    obj, end = self.raw_decode(s, idx=_w(s, 0).end())
               ^^^^^^^^^^^^^^^^^^^^^^^^^^^^^^^^^^^^^^
  File "C:\Users\hehon\AppData\Local\Programs\Python\Python312\Lib\json\decoder.py", line 356, in raw_decode
    raise JSONDecodeError("Expecting value", s, err.value) from None
json.decoder.JSONDecodeError: Expecting value: line 1 column 1 (char 0)
2026-08-03 16:52:56,920 | INFO | HTTP Request: POST https://api.telegram.org/bot8537243856:AAEUBfd16LDpSgqhPeun1D5JHyleHuF2ETI/getMe "HTTP/1.1 200 OK"
2026-08-03 16:52:57,200 | INFO | HTTP Request: POST https://api.telegram.org/bot8537243856:AAEUBfd16LDpSgqhPeun1D5JHyleHuF2ETI/deleteWebhook "HTTP/1.1 200 OK"
2026-08-03 16:52:57,202 | INFO | Application started
2026-08-03 16:52:58,549 | INFO | HTTP Request: POST https://api.telegram.org/bot8537243856:AAEUBfd16LDpSgqhPeun1D5JHyleHuF2ETI/getUpdates "HTTP/1.1 200 OK"
2026-08-03 16:53:00,713 | INFO | HTTP Request: POST https://api.telegram.org/bot8537243856:AAEUBfd16LDpSgqhPeun1D5JHyleHuF2ETI/getUpdates "HTTP/1.1 200 OK"
2026-08-03 16:53:04,088 | INFO | HTTP Request: POST https://api.telegram.org/bot8537243856:AAEUBfd16LDpSgqhPeun1D5JHyleHuF2ETI/getUpdates "HTTP/1.1 200 OK"
2026-08-03 16:53:05,436 | INFO | HTTP Request: POST https://api.telegram.org/bot8537243856:AAEUBfd16LDpSgqhPeun1D5JHyleHuF2ETI/getUpdates "HTTP/1.1 200 OK"
2026-08-03 16:53:15,678 | INFO | HTTP Request: POST https://api.telegram.org/bot8537243856:AAEUBfd16LDpSgqhPeun1D5JHyleHuF2ETI/getUpdates "HTTP/1.1 200 OK"
2026-08-03 16:53:16,127 | INFO | HTTP Request: POST https://api.telegram.org/bot8537243856:AAEUBfd16LDpSgqhPeun1D5JHyleHuF2ETI/getUpdates "HTTP/1.1 200 OK"
2026-08-03 16:53:16,638 | INFO | HTTP Request: POST https://api.telegram.org/bot8537243856:AAEUBfd16LDpSgqhPeun1D5JHyleHuF2ETI/getUpdates "HTTP/1.1 200 OK"
2026-08-03 16:53:18,122 | INFO | HTTP Request: POST https://api.telegram.org/bot8537243856:AAEUBfd16LDpSgqhPeun1D5JHyleHuF2ETI/getUpdates "HTTP/1.1 200 OK"
2026-08-03 16:53:18,870 | INFO | HTTP Request: POST https://api.telegram.org/bot8537243856:AAEUBfd16LDpSgqhPeun1D5JHyleHuF2ETI/getUpdates "HTTP/1.1 200 OK"
2026-08-03 16:53:24,088 | INFO | HTTP Request: POST https://api.telegram.org/bot8537243856:AAEUBfd16LDpSgqhPeun1D5JHyleHuF2ETI/getUpdates "HTTP/1.1 200 OK"
2026-08-03 16:53:25,472 | INFO | HTTP Request: POST https://api.telegram.org/bot8537243856:AAEUBfd16LDpSgqhPeun1D5JHyleHuF2ETI/getUpdates "HTTP/1.1 200 OK"
2026-08-03 16:53:35,712 | INFO | HTTP Request: POST https://api.telegram.org/bot8537243856:AAEUBfd16LDpSgqhPeun1D5JHyleHuF2ETI/getUpdates "HTTP/1.1 200 OK"
2026-08-03 16:53:36,996 | INFO | HTTP Request: POST https://api.telegram.org/bot8537243856:AAEUBfd16LDpSgqhPeun1D5JHyleHuF2ETI/getUpdates "HTTP/1.1 200 OK"
2026-08-03 16:53:38,716 | INFO | HTTP Request: POST https://api.telegram.org/bot8537243856:AAEUBfd16LDpSgqhPeun1D5JHyleHuF2ETI/getUpdates "HTTP/1.1 200 OK"
2026-08-03 16:53:42,954 | INFO | HTTP Request: POST https://api.telegram.org/bot8537243856:AAEUBfd16LDpSgqhPeun1D5JHyleHuF2ETI/getUpdates "HTTP/1.1 200 OK"
2026-08-03 16:53:44,846 | INFO | HTTP Request: POST https://api.telegram.org/bot8537243856:AAEUBfd16LDpSgqhPeun1D5JHyleHuF2ETI/getUpdates "HTTP/1.1 200 OK"
2026-08-03 16:53:49,723 | INFO | HTTP Request: POST https://api.telegram.org/bot8537243856:AAEUBfd16LDpSgqhPeun1D5JHyleHuF2ETI/getUpdates "HTTP/1.1 200 OK"
2026-08-03 16:53:50,406 | INFO | HTTP Request: POST https://api.telegram.org/bot8537243856:AAEUBfd16LDpSgqhPeun1D5JHyleHuF2ETI/getUpdates "HTTP/1.1 200 OK"
2026-08-03 16:53:50,933 | INFO | HTTP Request: POST https://api.telegram.org/bot8537243856:AAEUBfd16LDpSgqhPeun1D5JHyleHuF2ETI/getUpdates "HTTP/1.1 200 OK"
2026-08-03 16:54:00,834 | INFO | HTTP Request: POST https://api.telegram.org/bot8537243856:AAEUBfd16LDpSgqhPeun1D5JHyleHuF2ETI/getUpdates "HTTP/1.1 200 OK"
2026-08-03 16:54:01,079 | INFO | HTTP Request: POST https://api.telegram.org/bot8537243856:AAEUBfd16LDpSgqhPeun1D5JHyleHuF2ETI/getUpdates "HTTP/1.1 200 OK"
2026-08-03 16:54:04,095 | INFO | HTTP Request: POST https://api.telegram.org/bot8537243856:AAEUBfd16LDpSgqhPeun1D5JHyleHuF2ETI/getUpdates "HTTP/1.1 200 OK"
2026-08-03 16:54:05,770 | INFO | HTTP Request: POST https://api.telegram.org/bot8537243856:AAEUBfd16LDpSgqhPeun1D5JHyleHuF2ETI/getUpdates "HTTP/1.1 200 OK"
2026-08-03 16:54:06,517 | INFO | HTTP Request: POST https://api.telegram.org/bot8537243856:AAEUBfd16LDpSgqhPeun1D5JHyleHuF2ETI/getUpdates "HTTP/1.1 200 OK"
2026-08-03 16:54:07,518 | INFO | HTTP Request: POST https://api.telegram.org/bot8537243856:AAEUBfd16LDpSgqhPeun1D5JHyleHuF2ETI/getUpdates "HTTP/1.1 200 OK"
2026-08-03 16:54:22,725 | ERROR | Task exception was never retrieved
future: <Task finished name='Task-1' coro=<check_schedule() done, defined at C:\Users\hehon\Desktop\GameBot\Bot.py:1124> exception=JSONDecodeError('Expecting value: line 1 column 1 (char 0)')>
Traceback (most recent call last):
  File "C:\Users\hehon\Desktop\GameBot\Bot.py", line 1126, in check_schedule
    sched = load_schedule()
            ^^^^^^^^^^^^^^^
  File "C:\Users\hehon\Desktop\GameBot\Bot.py", line 87, in load_schedule
    return json.load(f)
           ^^^^^^^^^^^^
  File "C:\Users\hehon\AppData\Local\Programs\Python\Python312\Lib\json\__init__.py", line 293, in load
    return loads(fp.read(),
           ^^^^^^^^^^^^^^^^
  File "C:\Users\hehon\AppData\Local\Programs\Python\Python312\Lib\json\__init__.py", line 346, in loads
    return _default_decoder.decode(s)
           ^^^^^^^^^^^^^^^^^^^^^^^^^^
  File "C:\Users\hehon\AppData\Local\Programs\Python\Python312\Lib\json\decoder.py", line 338, in decode
    obj, end = self.raw_decode(s, idx=_w(s, 0).end())
               ^^^^^^^^^^^^^^^^^^^^^^^^^^^^^^^^^^^^^^
  File "C:\Users\hehon\AppData\Local\Programs\Python\Python312\Lib\json\decoder.py", line 356, in raw_decode
    raise JSONDecodeError("Expecting value", s, err.value) from None
json.decoder.JSONDecodeError: Expecting value: line 1 column 1 (char 0)
2026-08-03 16:54:23,534 | INFO | HTTP Request: POST https://api.telegram.org/bot8537243856:AAEUBfd16LDpSgqhPeun1D5JHyleHuF2ETI/getMe "HTTP/1.1 200 OK"
2026-08-03 16:54:23,795 | INFO | HTTP Request: POST https://api.telegram.org/bot8537243856:AAEUBfd16LDpSgqhPeun1D5JHyleHuF2ETI/deleteWebhook "HTTP/1.1 200 OK"
2026-08-03 16:54:23,797 | INFO | Application started
2026-08-03 16:54:24,536 | INFO | HTTP Request: POST https://api.telegram.org/bot8537243856:AAEUBfd16LDpSgqhPeun1D5JHyleHuF2ETI/getUpdates "HTTP/1.1 200 OK"
2026-08-03 16:54:28,764 | INFO | HTTP Request: POST https://api.telegram.org/bot8537243856:AAEUBfd16LDpSgqhPeun1D5JHyleHuF2ETI/getUpdates "HTTP/1.1 200 OK"
2026-08-03 16:54:29,952 | INFO | HTTP Request: POST https://api.telegram.org/bot8537243856:AAEUBfd16LDpSgqhPeun1D5JHyleHuF2ETI/getUpdates "HTTP/1.1 200 OK"
2026-08-03 16:54:35,398 | INFO | HTTP Request: POST https://api.telegram.org/bot8537243856:AAEUBfd16LDpSgqhPeun1D5JHyleHuF2ETI/getUpdates "HTTP/1.1 200 OK"
2026-08-03 16:54:36,437 | INFO | HTTP Request: POST https://api.telegram.org/bot8537243856:AAEUBfd16LDpSgqhPeun1D5JHyleHuF2ETI/getUpdates "HTTP/1.1 200 OK"
2026-08-03 16:54:37,248 | INFO | HTTP Request: POST https://api.telegram.org/bot8537243856:AAEUBfd16LDpSgqhPeun1D5JHyleHuF2ETI/getUpdates "HTTP/1.1 200 OK"
2026-08-03 16:54:40,633 | INFO | HTTP Request: POST https://api.telegram.org/bot8537243856:AAEUBfd16LDpSgqhPeun1D5JHyleHuF2ETI/getUpdates "HTTP/1.1 200 OK"
2026-08-03 16:54:43,074 | INFO | HTTP Request: POST https://api.telegram.org/bot8537243856:AAEUBfd16LDpSgqhPeun1D5JHyleHuF2ETI/getUpdates "HTTP/1.1 200 OK"
2026-08-03 16:54:44,616 | INFO | HTTP Request: POST https://api.telegram.org/bot8537243856:AAEUBfd16LDpSgqhPeun1D5JHyleHuF2ETI/getUpdates "HTTP/1.1 200 OK"
2026-08-03 16:54:45,412 | INFO | HTTP Request: POST https://api.telegram.org/bot8537243856:AAEUBfd16LDpSgqhPeun1D5JHyleHuF2ETI/getUpdates "HTTP/1.1 200 OK"
2026-08-03 16:54:49,116 | INFO | HTTP Request: POST https://api.telegram.org/bot8537243856:AAEUBfd16LDpSgqhPeun1D5JHyleHuF2ETI/getUpdates "HTTP/1.1 200 OK"
2026-08-03 16:54:55,796 | INFO | HTTP Request: POST https://api.telegram.org/bot8537243856:AAEUBfd16LDpSgqhPeun1D5JHyleHuF2ETI/getUpdates "HTTP/1.1 200 OK"
2026-08-03 16:54:57,715 | INFO | HTTP Request: POST https://api.telegram.org/bot8537243856:AAEUBfd16LDpSgqhPeun1D5JHyleHuF2ETI/getUpdates "HTTP/1.1 200 OK"
2026-08-03 16:55:02,696 | INFO | HTTP Request: POST https://api.telegram.org/bot8537243856:AAEUBfd16LDpSgqhPeun1D5JHyleHuF2ETI/getUpdates "HTTP/1.1 200 OK"
2026-08-03 16:55:03,998 | INFO | HTTP Request: POST https://api.telegram.org/bot8537243856:AAEUBfd16LDpSgqhPeun1D5JHyleHuF2ETI/getUpdates "HTTP/1.1 200 OK"
2026-08-03 16:55:04,372 | INFO | HTTP Request: POST https://api.telegram.org/bot8537243856:AAEUBfd16LDpSgqhPeun1D5JHyleHuF2ETI/getUpdates "HTTP/1.1 200 OK"
2026-08-03 16:55:08,810 | INFO | HTTP Request: POST https://api.telegram.org/bot8537243856:AAEUBfd16LDpSgqhPeun1D5JHyleHuF2ETI/getUpdates "HTTP/1.1 200 OK"
2026-08-03 16:55:12,478 | INFO | HTTP Request: POST https://api.telegram.org/bot8537243856:AAEUBfd16LDpSgqhPeun1D5JHyleHuF2ETI/getUpdates "HTTP/1.1 200 OK"
2026-08-03 16:55:17,360 | INFO | HTTP Request: POST https://api.telegram.org/bot8537243856:AAEUBfd16LDpSgqhPeun1D5JHyleHuF2ETI/getUpdates "HTTP/1.1 200 OK"
2026-08-03 16:55:19,565 | INFO | HTTP Request: POST https://api.telegram.org/bot8537243856:AAEUBfd16LDpSgqhPeun1D5JHyleHuF2ETI/getUpdates "HTTP/1.1 200 OK"
2026-08-03 16:55:20,832 | INFO | HTTP Request: POST https://api.telegram.org/bot8537243856:AAEUBfd16LDpSgqhPeun1D5JHyleHuF2ETI/getUpdates "HTTP/1.1 200 OK"
2026-08-03 16:55:23,045 | INFO | HTTP Request: POST https://api.telegram.org/bot8537243856:AAEUBfd16LDpSgqhPeun1D5JHyleHuF2ETI/getUpdates "HTTP/1.1 200 OK"
2026-08-03 16:55:26,717 | INFO | HTTP Request: POST https://api.telegram.org/bot8537243856:AAEUBfd16LDpSgqhPeun1D5JHyleHuF2ETI/getUpdates "HTTP/1.1 200 OK"
2026-08-03 16:55:27,356 | INFO | HTTP Request: POST https://api.telegram.org/bot8537243856:AAEUBfd16LDpSgqhPeun1D5JHyleHuF2ETI/getUpdates "HTTP/1.1 200 OK"
2026-08-03 16:55:30,947 | INFO | HTTP Request: POST https://api.telegram.org/bot8537243856:AAEUBfd16LDpSgqhPeun1D5JHyleHuF2ETI/getUpdates "HTTP/1.1 200 OK"
2026-08-03 16:55:33,277 | INFO | HTTP Request: POST https://api.telegram.org/bot8537243856:AAEUBfd16LDpSgqhPeun1D5JHyleHuF2ETI/getUpdates "HTTP/1.1 200 OK"
2026-08-03 16:55:40,652 | INFO | HTTP Request: POST https://api.telegram.org/bot8537243856:AAEUBfd16LDpSgqhPeun1D5JHyleHuF2ETI/getUpdates "HTTP/1.1 200 OK"
2026-08-03 16:55:43,166 | INFO | HTTP Request: POST https://api.telegram.org/bot8537243856:AAEUBfd16LDpSgqhPeun1D5JHyleHuF2ETI/getUpdates "HTTP/1.1 200 OK"
2026-08-03 16:55:43,454 | INFO | HTTP Request: POST https://api.telegram.org/bot8537243856:AAEUBfd16LDpSgqhPeun1D5JHyleHuF2ETI/getUpdates "HTTP/1.1 200 OK"
2026-08-03 16:55:44,849 | INFO | HTTP Request: POST https://api.telegram.org/bot8537243856:AAEUBfd16LDpSgqhPeun1D5JHyleHuF2ETI/getUpdates "HTTP/1.1 200 OK"
2026-08-03 16:55:48,731 | INFO | HTTP Request: POST https://api.telegram.org/bot8537243856:AAEUBfd16LDpSgqhPeun1D5JHyleHuF2ETI/getUpdates "HTTP/1.1 200 OK"
2026-08-03 16:55:50,077 | INFO | HTTP Request: POST https://api.telegram.org/bot8537243856:AAEUBfd16LDpSgqhPeun1D5JHyleHuF2ETI/getUpdates "HTTP/1.1 200 OK"
2026-08-03 16:55:53,014 | INFO | HTTP Request: POST https://api.telegram.org/bot8537243856:AAEUBfd16LDpSgqhPeun1D5JHyleHuF2ETI/getUpdates "HTTP/1.1 200 OK"
2026-08-03 16:55:55,477 | INFO | HTTP Request: POST https://api.telegram.org/bot8537243856:AAEUBfd16LDpSgqhPeun1D5JHyleHuF2ETI/getUpdates "HTTP/1.1 200 OK"
2026-08-03 16:55:56,237 | INFO | HTTP Request: POST https://api.telegram.org/bot8537243856:AAEUBfd16LDpSgqhPeun1D5JHyleHuF2ETI/getUpdates "HTTP/1.1 200 OK"
2026-08-03 16:56:03,562 | INFO | HTTP Request: POST https://api.telegram.org/bot8537243856:AAEUBfd16LDpSgqhPeun1D5JHyleHuF2ETI/getUpdates "HTTP/1.1 200 OK"
2026-08-03 16:56:04,855 | INFO | HTTP Request: POST https://api.telegram.org/bot8537243856:AAEUBfd16LDpSgqhPeun1D5JHyleHuF2ETI/getUpdates "HTTP/1.1 200 OK"
2026-08-03 16:56:05,549 | INFO | HTTP Request: POST https://api.telegram.org/bot8537243856:AAEUBfd16LDpSgqhPeun1D5JHyleHuF2ETI/getUpdates "HTTP/1.1 200 OK"
2026-08-03 16:56:06,037 | INFO | HTTP Request: POST https://api.telegram.org/bot8537243856:AAEUBfd16LDpSgqhPeun1D5JHyleHuF2ETI/getUpdates "HTTP/1.1 200 OK"
2026-08-03 16:56:08,741 | INFO | HTTP Request: POST https://api.telegram.org/bot8537243856:AAEUBfd16LDpSgqhPeun1D5JHyleHuF2ETI/getUpdates "HTTP/1.1 200 OK"
2026-08-03 16:56:09,756 | INFO | HTTP Request: POST https://api.telegram.org/bot8537243856:AAEUBfd16LDpSgqhPeun1D5JHyleHuF2ETI/getUpdates "HTTP/1.1 200 OK"
2026-08-03 16:56:10,597 | INFO | HTTP Request: POST https://api.telegram.org/bot8537243856:AAEUBfd16LDpSgqhPeun1D5JHyleHuF2ETI/getUpdates "HTTP/1.1 200 OK"
2026-08-03 16:56:11,394 | INFO | HTTP Request: POST https://api.telegram.org/bot8537243856:AAEUBfd16LDpSgqhPeun1D5JHyleHuF2ETI/getUpdates "HTTP/1.1 200 OK"
2026-08-03 16:56:12,619 | INFO | HTTP Request: POST https://api.telegram.org/bot8537243856:AAEUBfd16LDpSgqhPeun1D5JHyleHuF2ETI/getUpdates "HTTP/1.1 200 OK"
2026-08-03 16:56:14,521 | INFO | HTTP Request: POST https://api.telegram.org/bot8537243856:AAEUBfd16LDpSgqhPeun1D5JHyleHuF2ETI/getUpdates "HTTP/1.1 200 OK"
2026-08-03 16:56:16,343 | INFO | HTTP Request: POST https://api.telegram.org/bot8537243856:AAEUBfd16LDpSgqhPeun1D5JHyleHuF2ETI/getUpdates "HTTP/1.1 200 OK"
2026-08-03 16:56:18,514 | INFO | HTTP Request: POST https://api.telegram.org/bot8537243856:AAEUBfd16LDpSgqhPeun1D5JHyleHuF2ETI/getUpdates "HTTP/1.1 200 OK"
2026-08-03 16:56:19,279 | INFO | HTTP Request: POST https://api.telegram.org/bot8537243856:AAEUBfd16LDpSgqhPeun1D5JHyleHuF2ETI/getUpdates "HTTP/1.1 200 OK"
2026-08-03 16:56:21,027 | INFO | HTTP Request: POST https://api.telegram.org/bot8537243856:AAEUBfd16LDpSgqhPeun1D5JHyleHuF2ETI/getUpdates "HTTP/1.1 200 OK"
2026-08-03 16:56:26,282 | INFO | HTTP Request: POST https://api.telegram.org/bot8537243856:AAEUBfd16LDpSgqhPeun1D5JHyleHuF2ETI/getUpdates "HTTP/1.1 200 OK"
2026-08-03 16:56:36,558 | INFO | HTTP Request: POST https://api.telegram.org/bot8537243856:AAEUBfd16LDpSgqhPeun1D5JHyleHuF2ETI/getUpdates "HTTP/1.1 200 OK"
2026-08-03 16:56:37,854 | INFO | HTTP Request: POST https://api.telegram.org/bot8537243856:AAEUBfd16LDpSgqhPeun1D5JHyleHuF2ETI/getUpdates "HTTP/1.1 200 OK"
2026-08-03 16:56:43,839 | INFO | HTTP Request: POST https://api.telegram.org/bot8537243856:AAEUBfd16LDpSgqhPeun1D5JHyleHuF2ETI/getUpdates "HTTP/1.1 200 OK"
2026-08-03 16:56:51,679 | INFO | HTTP Request: POST https://api.telegram.org/bot8537243856:AAEUBfd16LDpSgqhPeun1D5JHyleHuF2ETI/getMe "HTTP/1.1 200 OK"
2026-08-03 16:56:51,917 | INFO | HTTP Request: POST https://api.telegram.org/bot8537243856:AAEUBfd16LDpSgqhPeun1D5JHyleHuF2ETI/deleteWebhook "HTTP/1.1 200 OK"
2026-08-03 16:56:51,919 | INFO | Application started
2026-08-03 16:56:55,841 | INFO | HTTP Request: POST https://api.telegram.org/bot8537243856:AAEUBfd16LDpSgqhPeun1D5JHyleHuF2ETI/getUpdates "HTTP/1.1 200 OK"
2026-08-03 16:56:59,916 | INFO | HTTP Request: POST https://api.telegram.org/bot8537243856:AAEUBfd16LDpSgqhPeun1D5JHyleHuF2ETI/getUpdates "HTTP/1.1 200 OK"
2026-08-03 16:57:00,896 | INFO | HTTP Request: POST https://api.telegram.org/bot8537243856:AAEUBfd16LDpSgqhPeun1D5JHyleHuF2ETI/sendMessage "HTTP/1.1 200 OK"
2026-08-03 16:57:04,004 | INFO | HTTP Request: POST https://api.telegram.org/bot8537243856:AAEUBfd16LDpSgqhPeun1D5JHyleHuF2ETI/getUpdates "HTTP/1.1 200 OK"
2026-08-03 16:57:04,005 | INFO | User:6879624273(@LL_7750) | START | 用户启动Bot
2026-08-03 16:57:04,478 | INFO | HTTP Request: POST https://api.telegram.org/bot8537243856:AAEUBfd16LDpSgqhPeun1D5JHyleHuF2ETI/sendMessage "HTTP/1.1 200 OK"
2026-08-03 16:57:05,737 | INFO | HTTP Request: POST https://api.telegram.org/bot8537243856:AAEUBfd16LDpSgqhPeun1D5JHyleHuF2ETI/getUpdates "HTTP/1.1 200 OK"
2026-08-03 16:57:06,240 | INFO | HTTP Request: POST https://api.telegram.org/bot8537243856:AAEUBfd16LDpSgqhPeun1D5JHyleHuF2ETI/answerCallbackQuery "HTTP/1.1 200 OK"
2026-08-03 16:57:06,350 | INFO | HTTP Request: POST https://api.telegram.org/bot8537243856:AAEUBfd16LDpSgqhPeun1D5JHyleHuF2ETI/getUpdates "HTTP/1.1 200 OK"
2026-08-03 16:57:06,693 | INFO | HTTP Request: POST https://api.telegram.org/bot8537243856:AAEUBfd16LDpSgqhPeun1D5JHyleHuF2ETI/editMessageText "HTTP/1.1 200 OK"
2026-08-03 16:57:09,526 | INFO | HTTP Request: POST https://api.telegram.org/bot8537243856:AAEUBfd16LDpSgqhPeun1D5JHyleHuF2ETI/getUpdates "HTTP/1.1 200 OK"
2026-08-03 16:57:09,798 | INFO | HTTP Request: POST https://api.telegram.org/bot8537243856:AAEUBfd16LDpSgqhPeun1D5JHyleHuF2ETI/getUpdates "HTTP/1.1 200 OK"
2026-08-03 16:57:10,105 | INFO | HTTP Request: POST https://api.telegram.org/bot8537243856:AAEUBfd16LDpSgqhPeun1D5JHyleHuF2ETI/getUpdates "HTTP/1.1 200 OK"
2026-08-03 16:57:10,224 | INFO | HTTP Request: POST https://api.telegram.org/bot8537243856:AAEUBfd16LDpSgqhPeun1D5JHyleHuF2ETI/answerCallbackQuery "HTTP/1.1 200 OK"
2026-08-03 16:57:10,684 | INFO | HTTP Request: POST https://api.telegram.org/bot8537243856:AAEUBfd16LDpSgqhPeun1D5JHyleHuF2ETI/editMessageText "HTTP/1.1 200 OK"
2026-08-03 16:57:18,932 | INFO | HTTP Request: POST https://api.telegram.org/bot8537243856:AAEUBfd16LDpSgqhPeun1D5JHyleHuF2ETI/getUpdates "HTTP/1.1 200 OK"
2026-08-03 16:57:19,306 | INFO | HTTP Request: POST https://api.telegram.org/bot8537243856:AAEUBfd16LDpSgqhPeun1D5JHyleHuF2ETI/getUpdates "HTTP/1.1 200 OK"
2026-08-03 16:57:25,641 | INFO | HTTP Request: POST https://api.telegram.org/bot8537243856:AAEUBfd16LDpSgqhPeun1D5JHyleHuF2ETI/getUpdates "HTTP/1.1 200 OK"
2026-08-03 16:57:26,238 | INFO | HTTP Request: POST https://api.telegram.org/bot8537243856:AAEUBfd16LDpSgqhPeun1D5JHyleHuF2ETI/getUpdates "HTTP/1.1 200 OK"
2026-08-03 16:57:27,006 | INFO | HTTP Request: POST https://api.telegram.org/bot8537243856:AAEUBfd16LDpSgqhPeun1D5JHyleHuF2ETI/getUpdates "HTTP/1.1 200 OK"
2026-08-03 16:57:27,966 | INFO | HTTP Request: POST https://api.telegram.org/bot8537243856:AAEUBfd16LDpSgqhPeun1D5JHyleHuF2ETI/getUpdates "HTTP/1.1 200 OK"
2026-08-03 16:57:30,125 | INFO | HTTP Request: POST https://api.telegram.org/bot8537243856:AAEUBfd16LDpSgqhPeun1D5JHyleHuF2ETI/getUpdates "HTTP/1.1 200 OK"
